Archive member included to satisfy reference by file (symbol)

c:/intelfpga_lite/17.0/nios2eds/bin/gnu/h-x86_64-mingw32/bin/../lib/gcc/nios2-elf/5.3.0/mno-hw-mul\libgcc.a(lib2-divmod.o)
                              obj/default/FreeRTOS/Common_Demo_Tasks/integer.o (__divsi3)
c:/intelfpga_lite/17.0/nios2eds/bin/gnu/h-x86_64-mingw32/bin/../lib/gcc/nios2-elf/5.3.0/mno-hw-mul\libgcc.a(lib2-mul.o)
                              obj/default/FreeRTOS/Common_Demo_Tasks/blocktim.o (__mulsi3)
c:/intelfpga_lite/17.0/nios2eds/bin/gnu/h-x86_64-mingw32/bin/../lib/gcc/nios2-elf/5.3.0/mno-hw-mul\libgcc.a(adddf3.o)
                              obj/default/hello_world.o (__adddf3)
c:/intelfpga_lite/17.0/nios2eds/bin/gnu/h-x86_64-mingw32/bin/../lib/gcc/nios2-elf/5.3.0/mno-hw-mul\libgcc.a(muldf3.o)
                              obj/default/hello_world.o (__muldf3)
c:/intelfpga_lite/17.0/nios2eds/bin/gnu/h-x86_64-mingw32/bin/../lib/gcc/nios2-elf/5.3.0/mno-hw-mul\libgcc.a(fixdfsi.o)
                              obj/default/hello_world.o (__fixdfsi)
c:/intelfpga_lite/17.0/nios2eds/bin/gnu/h-x86_64-mingw32/bin/../lib/gcc/nios2-elf/5.3.0/mno-hw-mul\libgcc.a(floatsidf.o)
                              obj/default/hello_world.o (__floatsidf)
c:/intelfpga_lite/17.0/nios2eds/bin/gnu/h-x86_64-mingw32/bin/../lib/gcc/nios2-elf/5.3.0/mno-hw-mul\libgcc.a(_clzsi2.o)
                              c:/intelfpga_lite/17.0/nios2eds/bin/gnu/h-x86_64-mingw32/bin/../lib/gcc/nios2-elf/5.3.0/mno-hw-mul\libgcc.a(adddf3.o) (__clzsi2)
c:/intelfpga_lite/17.0/nios2eds/bin/gnu/h-x86_64-mingw32/bin/../lib/gcc/nios2-elf/5.3.0/mno-hw-mul\libgcc.a(_clz.o)
                              c:/intelfpga_lite/17.0/nios2eds/bin/gnu/h-x86_64-mingw32/bin/../lib/gcc/nios2-elf/5.3.0/mno-hw-mul\libgcc.a(_clzsi2.o) (__clz_tab)
c:/intelfpga_lite/17.0/nios2eds/bin/gnu/h-x86_64-mingw32/bin/../lib/gcc/nios2-elf/5.3.0/../../../../../H-x86_64-mingw32/nios2-elf/lib/mno-hw-mul\libc.a(lib_a-itoa.o)
                              obj/default/hello_world.o (itoa)
c:/intelfpga_lite/17.0/nios2eds/bin/gnu/h-x86_64-mingw32/bin/../lib/gcc/nios2-elf/5.3.0/../../../../../H-x86_64-mingw32/nios2-elf/lib/mno-hw-mul\libc.a(lib_a-memcpy.o)
                              obj/default/FreeRTOS/Source/queue.o (memcpy)
c:/intelfpga_lite/17.0/nios2eds/bin/gnu/h-x86_64-mingw32/bin/../lib/gcc/nios2-elf/5.3.0/../../../../../H-x86_64-mingw32/nios2-elf/lib/mno-hw-mul\libc.a(lib_a-memset.o)
                              obj/default/FreeRTOS/Source/tasks.o (memset)
c:/intelfpga_lite/17.0/nios2eds/bin/gnu/h-x86_64-mingw32/bin/../lib/gcc/nios2-elf/5.3.0/../../../../../H-x86_64-mingw32/nios2-elf/lib/mno-hw-mul\libc.a(lib_a-puts.o)
                              obj/default/hello_world.o (puts)
c:/intelfpga_lite/17.0/nios2eds/bin/gnu/h-x86_64-mingw32/bin/../lib/gcc/nios2-elf/5.3.0/../../../../../H-x86_64-mingw32/nios2-elf/lib/mno-hw-mul\libc.a(lib_a-strcat.o)
                              obj/default/hello_world.o (strcat)
c:/intelfpga_lite/17.0/nios2eds/bin/gnu/h-x86_64-mingw32/bin/../lib/gcc/nios2-elf/5.3.0/../../../../../H-x86_64-mingw32/nios2-elf/lib/mno-hw-mul\libc.a(lib_a-strcpy.o)
                              c:/intelfpga_lite/17.0/nios2eds/bin/gnu/h-x86_64-mingw32/bin/../lib/gcc/nios2-elf/5.3.0/../../../../../H-x86_64-mingw32/nios2-elf/lib/mno-hw-mul\libc.a(lib_a-strcat.o) (strcpy)
c:/intelfpga_lite/17.0/nios2eds/bin/gnu/h-x86_64-mingw32/bin/../lib/gcc/nios2-elf/5.3.0/../../../../../H-x86_64-mingw32/nios2-elf/lib/mno-hw-mul\libc.a(lib_a-strlen.o)
                              obj/default/hello_world.o (strlen)
c:/intelfpga_lite/17.0/nios2eds/bin/gnu/h-x86_64-mingw32/bin/../lib/gcc/nios2-elf/5.3.0/../../../../../H-x86_64-mingw32/nios2-elf/lib/mno-hw-mul\libc.a(lib_a-utoa.o)
                              c:/intelfpga_lite/17.0/nios2eds/bin/gnu/h-x86_64-mingw32/bin/../lib/gcc/nios2-elf/5.3.0/../../../../../H-x86_64-mingw32/nios2-elf/lib/mno-hw-mul\libc.a(lib_a-itoa.o) (__utoa)
c:/intelfpga_lite/17.0/nios2eds/bin/gnu/h-x86_64-mingw32/bin/../lib/gcc/nios2-elf/5.3.0/../../../../../H-x86_64-mingw32/nios2-elf/lib/mno-hw-mul\libc.a(lib_a-findfp.o)
                              c:/intelfpga_lite/17.0/nios2eds/bin/gnu/h-x86_64-mingw32/bin/../lib/gcc/nios2-elf/5.3.0/../../../../../H-x86_64-mingw32/nios2-elf/lib/mno-hw-mul\libc.a(lib_a-puts.o) (__sinit)
c:/intelfpga_lite/17.0/nios2eds/bin/gnu/h-x86_64-mingw32/bin/../lib/gcc/nios2-elf/5.3.0/../../../../../H-x86_64-mingw32/nios2-elf/lib/mno-hw-mul\libc.a(lib_a-fvwrite.o)
                              c:/intelfpga_lite/17.0/nios2eds/bin/gnu/h-x86_64-mingw32/bin/../lib/gcc/nios2-elf/5.3.0/../../../../../H-x86_64-mingw32/nios2-elf/lib/mno-hw-mul\libc.a(lib_a-puts.o) (__sfvwrite_r)
c:/intelfpga_lite/17.0/nios2eds/bin/gnu/h-x86_64-mingw32/bin/../lib/gcc/nios2-elf/5.3.0/../../../../../H-x86_64-mingw32/nios2-elf/lib/mno-hw-mul\libc.a(lib_a-fwalk.o)
[...]
Memory Configuration

Name             Origin             Length             Attributes
sdram_BEFORE_EXCEPTION 0x0000000002000000 0x0000000000000020
sdram            0x0000000002000020 0x0000000001ffffe0
reset            0x0000000004001000 0x0000000000000020
epcs             0x0000000004001020 0x00000000000007e0
*default*        0x0000000000000000 0xffffffffffffffff

Linker script and memory map

LOAD ../NiosII_FreeRTOS_bsp//obj/HAL/src/crt0.o
LOAD obj/default/FreeRTOS/Common_Demo_Tasks/BlockQ.o
LOAD obj/default/FreeRTOS/Common_Demo_Tasks/GenQTest.o
LOAD obj/default/FreeRTOS/Common_Demo_Tasks/PollQ.o
LOAD obj/default/FreeRTOS/Common_Demo_Tasks/QPeek.o
LOAD obj/default/FreeRTOS/Common_Demo_Tasks/blocktim.o
LOAD obj/default/FreeRTOS/Common_Demo_Tasks/comtest.o
LOAD obj/default/FreeRTOS/Common_Demo_Tasks/countsem.o
LOAD obj/default/FreeRTOS/Common_Demo_Tasks/death.o
LOAD obj/default/FreeRTOS/Common_Demo_Tasks/dynamic.o
LOAD obj/default/FreeRTOS/Common_Demo_Tasks/flash.o
LOAD obj/default/FreeRTOS/Common_Demo_Tasks/integer.o
LOAD obj/default/FreeRTOS/Common_Demo_Tasks/recmutex.o
LOAD obj/default/FreeRTOS/Common_Demo_Tasks/semtest.o
LOAD obj/default/FreeRTOS/ParTest/ParTest.o
LOAD obj/default/FreeRTOS/Source/list.o
LOAD obj/default/FreeRTOS/Source/portable/GCC/NiosII/port.o
LOAD obj/default/FreeRTOS/Source/portable/MemMang/heap_2.o
LOAD obj/default/FreeRTOS/Source/queue.o
LOAD obj/default/FreeRTOS/Source/tasks.o
LOAD obj/default/FreeRTOS/max7219.o
LOAD obj/default/FreeRTOS/serial.o
LOAD obj/default/hello_world.o
LOAD obj/default/FreeRTOS/Source/portable/GCC/NiosII/port_asm.o
LOAD c:/intelfpga_lite/17.0/nios2eds/bin/gnu/h-x86_64-mingw32/bin/../lib/gcc/nios2-elf/5.3.0/../../../../../H-x86_64-mingw32/nios2-elf/lib/mno-hw-mul\libstdc++.a
LOAD c:/intelfpga_lite/17.0/nios2eds/bin/gnu/h-x86_64-mingw32/bin/../lib/gcc/nios2-elf/5.3.0/../../../../../H-x86_64-mingw32/nios2-elf/lib/mno-hw-mul\libm.a
LOAD c:/intelfpga_lite/17.0/nios2eds/bin/gnu/h-x86_64-mingw32/bin/../lib/gcc/nios2-elf/5.3.0/mno-hw-mul\libgcc.a
START GROUP
LOAD c:/intelfpga_lite/17.0/nios2eds/bin/gnu/h-x86_64-mingw32/bin/../lib/gcc/nios2-elf/5.3.0/../../../../../H-x86_64-mingw32/nios2-elf/lib/mno-hw-mul\libc.a
LOAD c:/intelfpga_lite/17.0/nios2eds/bin/gnu/h-x86_64-mingw32/bin/../lib/gcc/nios2-elf/5.3.0/mno-hw-mul\libgcc.a
LOAD ../NiosII_FreeRTOS_bsp/\libhal_bsp.a
LOAD c:/intelfpga_lite/17.0/nios2eds/bin/gnu/h-x86_64-mingw32/bin/../lib/gcc/nios2-elf/5.3.0/../../../../../H-x86_64-mingw32/nios2-elf/lib/mno-hw-mul\libm.a
END GROUP
LOAD c:/intelfpga_lite/17.0/nios2eds/bin/gnu/h-x86_64-mingw32/bin/../lib/gcc/nios2-elf/5.3.0/mno-hw-mul\libgcc.a
                0x0000000002000000                __alt_mem_sdram = 0x2000000
                0x0000000004001000                __alt_mem_epcs = 0x4001000

.entry          0x0000000004001000        0x0
 *(.entry)
 .entry         0x0000000004001000        0x0 ../NiosII_FreeRTOS_bsp//obj/HAL/src/crt0.o
                0x0000000004001000                __reset

.exceptions     0x0000000002000020      0x230
                [!provide]                        PROVIDE (__ram_exceptions_start, ABSOLUTE (.))
                0x0000000002000020                . = ALIGN (0x20)
 *(.irq)
 *(.exceptions.entry.label)
 *(.exceptions.entry.user)
 *(.exceptions.entry.ecc_fatal)
 *(.exceptions.entry)
 .exceptions.entry
                0x0000000002000020       0x8c obj/default/FreeRTOS/Source/portable/GCC/NiosII/port_asm.o
 *(.exceptions.irqtest.user)
 *(.exceptions.irqtest)
 .exceptions.irqtest
                0x00000000020000ac       0x14 obj/default/FreeRTOS/Source/portable/GCC/NiosII/port_asm.o
 *(.exceptions.irqhandler.user)
 *(.exceptions.irqhandler)
 .exceptions.irqhandler
                0x00000000020000c0        0x4 obj/default/FreeRTOS/Source/portable/GCC/NiosII/port_asm.o
 *(.exceptions.irqreturn.user)
 *(.exceptions.irqreturn)
 .exceptions.irqreturn
                0x00000000020000c4       0x8c obj/default/FreeRTOS/Source/portable/GCC/NiosII/port_asm.o
                0x00000000020000c4                restore_sp_from_pxCurrentTCB
 *(.exceptions.notirq.label)
 *(.exceptions.notirq.user)
 *(.exceptions.notirq)
 *(.exceptions.soft.user)
 *(.exceptions.soft)
 .exceptions.soft
                0x0000000002000150       0x2c obj/default/FreeRTOS/Source/portable/GCC/NiosII/port_asm.o
 *(.exceptions.unknown.user)
 *(.exceptions.unknown)
 *(.exceptions.exit.label)
 *(.exceptions.exit.user)
 *(.exceptions.exit)
 *(.exceptions)
 .exceptions    0x000000000200017c       0xd4 ../NiosII_FreeRTOS_bsp/\libhal_bsp.a(alt_irq_handler.o)
                0x000000000200017c                alt_irq_handler
                [!provide]                        PROVIDE (__ram_exceptions_end, ABSOLUTE (.))
                [!provide]                        PROVIDE (__flash_exceptions_start, LOADADDR (.exceptions))

.text           0x0000000002000250    0x11f6c
                [!provide]                        PROVIDE (stext, ABSOLUTE (.))
 *(.interp)
 *(.hash)
 *(.dynsym)
 *(.dynstr)
 *(.gnu.version)
 *(.gnu.version_d)
 *(.gnu.version_r)
 *(.rel.init)
 *(.rela.init)
 *(.rel.text .rel.text.* .rel.gnu.linkonce.t.*)
 *(.rela.text .rela.text.* .rela.gnu.linkonce.t.*)
 *(.rel.fini)
 *(.rela.fini)
 *(.rel.rodata .rel.rodata.* .rel.gnu.linkonce.r.*)
 *(.rela.rodata .rela.rodata.* .rela.gnu.linkonce.r.*)
 *(.rel.data .rel.data.* .rel.gnu.linkonce.d.*)
 *(.rela.data .rela.data.* .rela.gnu.linkonce.d.*)
 *(.rel.tdata .rel.tdata.* .rel.gnu.linkonce.td.*)
 *(.rela.tdata .rela.tdata.* .rela.gnu.linkonce.td.*)
 *(.rel.tbss .rel.tbss.* .rel.gnu.linkonce.tb.*)
 *(.rela.tbss .rela.tbss.* .rela.gnu.linkonce.tb.*)
 *(.rel.ctors)
 *(.rela.ctors)
 *(.rel.dtors)
 *(.rela.dtors)
 *(.rel.got)
 *(.rela.got)
 *(.rel.sdata .rel.sdata.* .rel.gnu.linkonce.s.*)
 *(.rela.sdata .rela.sdata.* .rela.gnu.linkonce.s.*)
 *(.rel.sbss .rel.sbss.* .rel.gnu.linkonce.sb.*)
 *(.rela.sbss .rela.sbss.* .rela.gnu.linkonce.sb.*)
 *(.rel.sdata2 .rel.sdata2.* .rel.gnu.linkonce.s2.*)
 *(.rela.sdata2 .rela.sdata2.* .rela.gnu.linkonce.s2.*)
 *(.rel.sbss2 .rel.sbss2.* .rel.gnu.linkonce.sb2.*)
 *(.rela.sbss2 .rela.sbss2.* .rela.gnu.linkonce.sb2.*)
 *(.rel.bss .rel.bss.* .rel.gnu.linkonce.b.*)
 *(.rela.bss .rela.bss.* .rela.gnu.linkonce.b.*)
 *(.rel.plt)
 *(.rela.plt)
 *(.rel.dyn)
 *(.init)
 *(.plt)
 *(.text .stub .text.* .gnu.linkonce.t.*)
 .text          0x0000000002000250       0x38 ../NiosII_FreeRTOS_bsp//obj/HAL/src/crt0.o
                0x0000000002000250                _start
 .text          0x0000000002000288      0x4dc obj/default/FreeRTOS/Common_Demo_Tasks/BlockQ.o
                0x0000000002000288                vStartBlockingQueueTasks
                0x000000000200063c                xAreBlockingQueuesStillRunning
 .text          0x0000000002000764      0x9c0 obj/default/FreeRTOS/Common_Demo_Tasks/GenQTest.o
                0x0000000002000764                vStartGenericQueueTasks
                0x00000000020010c4                xAreGenericQueueTasksStillRunning
 .text          0x0000000002001124      0x238 obj/default/FreeRTOS/Common_Demo_Tasks/PollQ.o
                0x0000000002001124                vStartPolledQueueTasks
                0x0000000002001314                xArePollingQueuesStillRunning
 .text          0x000000000200135c      0x554 obj/default/FreeRTOS/Common_Demo_Tasks/QPeek.o
                0x000000000200135c                vStartQueuePeekTasks
                0x000000000200186c                xAreQueuePeekTasksStillRunning
 .text          0x00000000020018b0      0x774 obj/default/FreeRTOS/Common_Demo_Tasks/blocktim.o
                0x00000000020018b0                vCreateBlockTimeTasks
                0x0000000002001fbc                xAreBlockTimeTestTasksStillRunning
 .text          0x0000000002002024      0x2a4 obj/default/FreeRTOS/Common_Demo_Tasks/comtest.o
                0x0000000002002024                vAltStartComTestTasks
                0x000000000200228c                xAreComTestTasksStillRunning
 .text          0x00000000020022c8      0x3e0 obj/default/FreeRTOS/Common_Demo_Tasks/countsem.o
                0x00000000020022c8                vStartCountingSemaphoreTasks
                0x000000000200261c                xAreCountingSemaphoreTasksStillRunning
 .text          0x00000000020026a8      0x214 obj/default/FreeRTOS/Common_Demo_Tasks/death.o
                0x00000000020026a8                vCreateSuicidalTasks
                0x0000000002002834                xIsCreateTaskStillRunning
 .text          0x00000000020028bc      0x3f8 obj/default/FreeRTOS/Common_Demo_Tasks/dynamic.o
                0x00000000020028bc                vStartDynamicPriorityTasks
                0x0000000002002c34                xAreDynamicPriorityTasksStillRunning
 .text          0x0000000002002cb4      0x104 obj/default/FreeRTOS/Common_Demo_Tasks/flash.o
                0x0000000002002cb4                vStartLEDFlashTasks
 .text          0x0000000002002db8      0x19c obj/default/FreeRTOS/Common_Demo_Tasks/integer.o
                0x0000000002002db8                vStartIntegerMathTasks
                0x0000000002002ed8                xAreIntegerMathsTaskStillRunning
 .text          0x0000000002002f54      0x3ac obj/default/FreeRTOS/Common_Demo_Tasks/recmutex.o
                0x0000000002002f54                vStartRecursiveMutexTasks
                0x0000000002003264                xAreRecursiveMutexTasksStillRunning
 .text          0x0000000002003300      0x41c obj/default/FreeRTOS/Common_Demo_Tasks/semtest.o
                0x0000000002003300                vStartSemaphoreTasks
                0x0000000002003664                xAreSemaphoreTasksStillRunning
 .text          0x000000000200371c      0x140 obj/default/FreeRTOS/ParTest/ParTest.o
                0x000000000200371c                vParTestInitialise
                0x0000000002003750                vParTestSetLED
                0x00000000020037f0                vParTestToggleLED
 .text          0x000000000200385c      0x290 obj/default/FreeRTOS/Source/list.o
                0x000000000200385c                vListInitialise
                0x00000000020038c4                vListInitialiseItem
                0x00000000020038f0                vListInsertEnd
                0x000000000200397c                vListInsert
                0x0000000002003a54                uxListRemove
 .text          0x0000000002003aec      0x498 obj/default/FreeRTOS/Source/portable/GCC/NiosII/port.o
                0x0000000002003aec                prvReadGp
                0x0000000002003b14                pxPortInitialiseStack
                0x0000000002003bf4                xPortStartScheduler
                0x0000000002003c2c                vPortEndScheduler
                0x0000000002003cf0                vPortSysTickHandler
                0x0000000002003d34                alt_irq_register
                0x0000000002003ea4                alt_iic_isr_register
 .text          0x0000000002003f84      0x354 obj/default/FreeRTOS/Source/portable/MemMang/heap_2.o
                0x0000000002003f84                pvPortMalloc
                0x0000000002004158                vPortFree
                0x0000000002004224                xPortGetFreeHeapSize
                0x0000000002004244                vPortInitialiseBlocks
 .text          0x00000000020042d8     0x10f0 obj/default/FreeRTOS/Source/queue.o
                0x00000000020042d8                xQueueGenericReset
                0x0000000002004404                xQueueGenericCreate
                0x0000000002004588                xQueueCreateMutex
                0x00000000020045e4                xQueueGiveMutexRecursive
                0x0000000002004674                xQueueTakeMutexRecursive
                0x0000000002004718                xQueueCreateCountingSemaphore
                0x0000000002004770                xQueueGenericSend
                0x0000000002004924                xQueueGenericSendFromISR
                0x0000000002004a0c                xQueueGiveFromISR
                0x0000000002004ae8                xQueueGenericReceive
                0x0000000002004d1c                xQueueReceiveFromISR
                0x0000000002004e00                xQueuePeekFromISR
                0x0000000002004e7c                uxQueueMessagesWaiting
                0x0000000002004ebc                uxQueueSpacesAvailable
                0x0000000002004f10                uxQueueMessagesWaitingFromISR
                0x0000000002004f40                vQueueDelete
                0x00000000020052e8                xQueueIsQueueEmptyFromISR
                0x0000000002005380                xQueueIsQueueFullFromISR
 .text          0x00000000020053c8     0x23dc obj/default/FreeRTOS/Source/tasks.o
                0x00000000020053c8                xTaskCreate
                0x0000000002005788                vTaskDelete
                0x0000000002005870                vTaskDelayUntil
                0x0000000002005960                vTaskDelay
                0x00000000020059bc                uxTaskPriorityGet
                0x0000000002005a14                uxTaskPriorityGetFromISR
                0x0000000002005a60                vTaskPrioritySet
                0x0000000002005c34                vTaskSuspend
                0x0000000002005da8                vTaskResume
                0x0000000002005e80                xTaskResumeFromISR
                0x0000000002005f6c                vTaskStartScheduler
                0x0000000002005ffc                vTaskEndScheduler
                0x0000000002006044                vTaskSuspendAll
                0x0000000002006070                xTaskResumeAll
                0x00000000020061d4                xTaskGetTickCount
                0x00000000020061fc                xTaskGetTickCountFromISR
                0x0000000002006228                uxTaskGetNumberOfTasks
                0x0000000002006248                pcTaskGetName
                0x0000000002006288                xTaskIncrementTick
                0x0000000002006468                vTaskSwitchContext
                0x0000000002006560                vTaskPlaceOnEventList
                0x00000000020065b0                vTaskPlaceOnUnorderedEventList
                0x0000000002006614                xTaskRemoveFromEventList
                0x0000000002006714                xTaskRemoveFromUnorderedEventList
                0x00000000020067f8                vTaskSetTimeOutState
                0x0000000002006834                xTaskCheckForTimeOut
                0x0000000002006910                vTaskMissedYield
                0x0000000002006b20                uxTaskGetStackHighWaterMark
                0x0000000002006c2c                xTaskGetCurrentTaskHandle
                0x0000000002006c54                vTaskPriorityInherit
                0x0000000002006d9c                xTaskPriorityDisinherit
                0x0000000002006ea4                vTaskEnterCritical
                0x0000000002006ef8                vTaskExitCritical
                0x0000000002006f58                uxTaskResetEventItemValue
                0x0000000002006f9c                pvTaskIncrementMutexHeldCount
                0x0000000002006fd4                ulTaskNotifyTake
                0x0000000002007084                xTaskNotifyWait
                0x0000000002007178                xTaskGenericNotify
                0x0000000002007328                xTaskGenericNotifyFromISR
                0x0000000002007514                vTaskNotifyGiveFromISR
                0x0000000002007644                xTaskNotifyStateClear
 .text          0x00000000020077a4      0x35c obj/default/FreeRTOS/max7219.o
                0x00000000020077a4                OutputHigh_Din
                0x00000000020077e4                Outputlow_Din
                0x0000000002007828                Outputlow_clk
                0x000000000200786c                OutputHigh_clk
                0x00000000020078ac                Outputlow_cs
                0x00000000020078f0                OutputHigh_cs
                0x0000000002007930                max7219_int
                0x0000000002007980                max7219_senbit
                0x00000000020079fc                sen_2_byte_info
 .text          0x0000000002007b00      0x42c obj/default/FreeRTOS/serial.o
                0x0000000002007b00                xSerialPortInitMinimal
                0x0000000002007bb8                vSerialClose
                0x0000000002007bdc                xSerialGetChar
                0x0000000002007c54                xSerialPutChar
                0x0000000002007ce8                vSerialPutString
 .text          0x0000000002007f2c     0x1aec obj/default/hello_world.o
                0x0000000002007f2c                main
                0x0000000002008d10                calcularError
                0x0000000002008f98                escribirXBee
                0x0000000002009550                analizarPixy
                0x00000000020099a0                obtenerChar
 .text          0x0000000002009a18        0x0 obj/default/FreeRTOS/Source/portable/GCC/NiosII/port_asm.o
 .text          0x0000000002009a18      0x1b4 c:/intelfpga_lite/17.0/nios2eds/bin/gnu/h-x86_64-mingw32/bin/../lib/gcc/nios2-elf/5.3.0/mno-hw-mul\libgcc.a(lib2-divmod.o)
                0x0000000002009a18                __divsi3
                0x0000000002009a9c                __modsi3
                0x0000000002009b10                __udivsi3
                0x0000000002009b74                __umodsi3
 .text          0x0000000002009bcc       0x28 c:/intelfpga_lite/17.0/nios2eds/bin/gnu/h-x86_64-mingw32/bin/../lib/gcc/nios2-elf/5.3.0/mno-hw-mul\libgcc.a(lib2-mul.o)
                0x0000000002009bcc                __mulsi3
 .text          0x0000000002009bf4      0x8ac c:/intelfpga_lite/17.0/nios2eds/bin/gnu/h-x86_64-mingw32/bin/../lib/gcc/nios2-elf/5.3.0/mno-hw-mul\libgcc.a(adddf3.o)
                0x0000000002009bf4                __adddf3
 .text          0x000000000200a4a0      0x86c c:/intelfpga_lite/17.0/nios2eds/bin/gnu/h-x86_64-mingw32/bin/../lib/gcc/nios2-elf/5.3.0/mno-hw-mul\libgcc.a(muldf3.o)
                0x000000000200a4a0                __muldf3
 .text          0x000000000200ad0c       0x80 c:/intelfpga_lite/17.0/nios2eds/bin/gnu/h-x86_64-mingw32/bin/../lib/gcc/nios2-elf/5.3.0/mno-hw-mul\libgcc.a(fixdfsi.o)
                0x000000000200ad0c                __fixdfsi
 .text          0x000000000200ad8c       0xdc c:/intelfpga_lite/17.0/nios2eds/bin/gnu/h-x86_64-mingw32/bin/../lib/gcc/nios2-elf/5.3.0/mno-hw-mul\libgcc.a(floatsidf.o)
                0x000000000200ad8c                __floatsidf
 .text          0x000000000200ae68       0x64 c:/intelfpga_lite/17.0/nios2eds/bin/gnu/h-x86_64-mingw32/bin/../lib/gcc/nios2-elf/5.3.0/mno-hw-mul\libgcc.a(_clzsi2.o)
                0x000000000200ae68                __clzsi2
 .text          0x000000000200aecc        0x0 c:/intelfpga_lite/17.0/nios2eds/bin/gnu/h-x86_64-mingw32/bin/../lib/gcc/nios2-elf/5.3.0/mno-hw-mul\libgcc.a(_clz.o)
 .text          0x000000000200aecc        0x0 c:/intelfpga_lite/17.0/nios2eds/bin/gnu/h-x86_64-mingw32/bin/../lib/gcc/nios2-elf/5.3.0/../../../../../H-x86_64-mingw32/nios2-elf/lib/mno-hw-mul\libc.a(lib_a-itoa.o)
 .text.__itoa   0x000000000200aecc       0x68 c:/intelfpga_lite/17.0/nios2eds/bin/gnu/h-x86_64-mingw32/bin/../lib/gcc/nios2-elf/5.3.0/../../../../../H-x86_64-mingw32/nios2-elf/lib/mno-hw-mul\libc.a(lib_a-itoa.o)
                0x000000000200aecc                __itoa
 .text.itoa     0x000000000200af34        0x4 c:/intelfpga_lite/17.0/nios2eds/bin/gnu/h-x86_64-mingw32/bin/../lib/gcc/nios2-elf/5.3.0/../../../../../H-x86_64-mingw32/nios2-elf/lib/mno-hw-mul\libc.a(lib_a-itoa.o)
                0x000000000200af34                itoa
 .text          0x000000000200af38        0x0 c:/intelfpga_lite/17.0/nios2eds/bin/gnu/h-x86_64-mingw32/bin/../lib/gcc/nios2-elf/5.3.0/../../../../../H-x86_64-mingw32/nios2-elf/lib/mno-hw-mul\libc.a(lib_a-memcpy.o)
 .text.memcpy   0x000000000200af38      0x148 c:/intelfpga_lite/17.0/nios2eds/bin/gnu/h-x86_64-mingw32/bin/../lib/gcc/nios2-elf/5.3.0/../../../../../H-x86_64-mingw32/nios2-elf/lib/mno-hw-mul\libc.a(lib_a-memcpy.o)
                0x000000000200af38                memcpy
 .text          0x000000000200b080        0x0 c:/intelfpga_lite/17.0/nios2eds/bin/gnu/h-x86_64-mingw32/bin/../lib/gcc/nios2-elf/5.3.0/../../../../../H-x86_64-mingw32/nios2-elf/lib/mno-hw-mul\libc.a(lib_a-memset.o)
 .text.memset   0x000000000200b080      0x128 c:/intelfpga_lite/17.0/nios2eds/bin/gnu/h-x86_64-mingw32/bin/../lib/gcc/nios2-elf/5.3.0/../../../../../H-x86_64-mingw32/nios2-elf/lib/mno-hw-mul\libc.a(lib_a-memset.o)
                0x000000000200b080                memset
 .text          0x000000000200b1a8        0x0 c:/intelfpga_lite/17.0/nios2eds/bin/gnu/h-x86_64-mingw32/bin/../lib/gcc/nios2-elf/5.3.0/../../../../../H-x86_64-mingw32/nios2-elf/lib/mno-hw-mul\libc.a(lib_a-puts.o)
 .text._puts_r  0x000000000200b1a8       0xc0 c:/intelfpga_lite/17.0/nios2eds/bin/gnu/h-x86_64-mingw32/bin/../lib/gcc/nios2-elf/5.3.0/../../../../../H-x86_64-mingw32/nios2-elf/lib/mno-hw-mul\libc.a(lib_a-puts.o)
                0x000000000200b1a8                _puts_r
 .text.puts     0x000000000200b268       0x14 c:/intelfpga_lite/17.0/nios2eds/bin/gnu/h-x86_64-mingw32/bin/../lib/gcc/nios2-elf/5.3.0/../../../../../H-x86_64-mingw32/nios2-elf/lib/mno-hw-mul\libc.a(lib_a-puts.o)
                0x000000000200b268                puts
 .text          0x000000000200b27c        0x0 c:/intelfpga_lite/17.0/nios2eds/bin/gnu/h-x86_64-mingw32/bin/../lib/gcc/nios2-elf/5.3.0/../../../../../H-x86_64-mingw32/nios2-elf/lib/mno-hw-mul\libc.a(lib_a-strcat.o)
 .text.strcat   0x000000000200b27c       0x84 c:/intelfpga_lite/17.0/nios2eds/bin/gnu/h-x86_64-mingw32/bin/../lib/gcc/nios2-elf/5.3.0/../../../../../H-x86_64-mingw32/nios2-elf/lib/mno-hw-mul\libc.a(lib_a-strcat.o)
                0x000000000200b27c                strcat
 .text          0x000000000200b300        0x0 c:/intelfpga_lite/17.0/nios2eds/bin/gnu/h-x86_64-mingw32/bin/../lib/gcc/nios2-elf/5.3.0/../../../../../H-x86_64-mingw32/nios2-elf/lib/mno-hw-mul\libc.a(lib_a-strcpy.o)
 .text.strcpy   0x000000000200b300       0x90 c:/intelfpga_lite/17.0/nios2eds/bin/gnu/h-x86_64-mingw32/bin/../lib/gcc/nios2-elf/5.3.0/../../../../../H-x86_64-mingw32/nios2-elf/lib/mno-hw-mul\libc.a(lib_a-strcpy.o)
                0x000000000200b300                strcpy
 .text          0x000000000200b390        0x0 c:/intelfpga_lite/17.0/nios2eds/bin/gnu/h-x86_64-mingw32/bin/../lib/gcc/nios2-elf/5.3.0/../../../../../H-x86_64-mingw32/nios2-elf/lib/mno-hw-mul\libc.a(lib_a-strlen.o)
 .text.strlen   0x000000000200b390       0x98 c:/intelfpga_lite/17.0/nios2eds/bin/gnu/h-x86_64-mingw32/bin/../lib/gcc/nios2-elf/5.3.0/../../../../../H-x86_64-mingw32/nios2-elf/lib/mno-hw-mul\libc.a(lib_a-strlen.o)
                0x000000000200b390                strlen
 .text          0x000000000200b428        0x0 c:/intelfpga_lite/17.0/nios2eds/bin/gnu/h-x86_64-mingw32/bin/../lib/gcc/nios2-elf/5.3.0/../../../../../H-x86_64-mingw32/nios2-elf/lib/mno-hw-mul\libc.a(lib_a-utoa.o)
 .text.__utoa   0x000000000200b428      0x158 c:/intelfpga_lite/17.0/nios2eds/bin/gnu/h-x86_64-mingw32/bin/../lib/gcc/nios2-elf/5.3.0/../../../../../H-x86_64-mingw32/nios2-elf/lib/mno-hw-mul\libc.a(lib_a-utoa.o)
                0x000000000200b428                __utoa
 .text.utoa     0x000000000200b580        0x4 c:/intelfpga_lite/17.0/nios2eds/bin/gnu/h-x86_64-mingw32/bin/../lib/gcc/nios2-elf/5.3.0/../../../../../H-x86_64-mingw32/nios2-elf/lib/mno-hw-mul\libc.a(lib_a-utoa.o)
                0x000000000200b580                utoa
 .text          0x000000000200b584        0x0 c:/intelfpga_lite/17.0/nios2eds/bin/gnu/h-x86_64-mingw32/bin/../lib/gcc/nios2-elf/5.3.0/../../../../../H-x86_64-mingw32/nios2-elf/lib/mno-hw-mul\libc.a(lib_a-findfp.o)
 .text.__fp_unlock
                0x000000000200b584        0x8 c:/intelfpga_lite/17.0/nios2eds/bin/gnu/h-x86_64-mingw32/bin/../lib/gcc/nios2-elf/5.3.0/../../../../../H-x86_64-mingw32/nios2-elf/lib/mno-hw-mul\libc.a(lib_a-findfp.o)
 .text._cleanup_r
                0x000000000200b58c        0xc c:/intelfpga_lite/17.0/nios2eds/bin/gnu/h-x86_64-mingw32/bin/../lib/gcc/nios2-elf/5.3.0/../../../../../H-x86_64-mingw32/nios2-elf/lib/mno-hw-mul\libc.a(lib_a-findfp.o)
                0x000000000200b58c                _cleanup_r
 .text.__sinit.part.1
                0x000000000200b598      0x19c c:/intelfpga_lite/17.0/nios2eds/bin/gnu/h-x86_64-mingw32/bin/../lib/gcc/nios2-elf/5.3.0/../../../../../H-x86_64-mingw32/nios2-elf/lib/mno-hw-mul\libc.a(lib_a-findfp.o)
 .text.__fp_lock
                0x000000000200b734        0x8 c:/intelfpga_lite/17.0/nios2eds/bin/gnu/h-x86_64-mingw32/bin/../lib/gcc/nios2-elf/5.3.0/../../../../../H-x86_64-mingw32/nios2-elf/lib/mno-hw-mul\libc.a(lib_a-findfp.o)
 .text.__sfmoreglue
                0x000000000200b73c       0x78 c:/intelfpga_lite/17.0/nios2eds/bin/gnu/h-x86_64-mingw32/bin/../lib/gcc/nios2-elf/5.3.0/../../../../../H-x86_64-mingw32/nios2-elf/lib/mno-hw-mul\libc.a(lib_a-findfp.o)
                0x000000000200b73c                __sfmoreglue
 .text.__sfp    0x000000000200b7b4      0x118 c:/intelfpga_lite/17.0/nios2eds/bin/gnu/h-x86_64-mingw32/bin/../lib/gcc/nios2-elf/5.3.0/../../../../../H-x86_64-mingw32/nios2-elf/lib/mno-hw-mul\libc.a(lib_a-findfp.o)
                0x000000000200b7b4                __sfp
 .text._cleanup
                0x000000000200b8cc       0x18 c:/intelfpga_lite/17.0/nios2eds/bin/gnu/h-x86_64-mingw32/bin/../lib/gcc/nios2-elf/5.3.0/../../../../../H-x86_64-mingw32/nios2-elf/lib/mno-hw-mul\libc.a(lib_a-findfp.o)
                0x000000000200b8cc                _cleanup
 .text.__sinit  0x000000000200b8e4       0x10 c:/intelfpga_lite/17.0/nios2eds/bin/gnu/h-x86_64-mingw32/bin/../lib/gcc/nios2-elf/5.3.0/../../../../../H-x86_64-mingw32/nios2-elf/lib/mno-hw-mul\libc.a(lib_a-findfp.o)
                0x000000000200b8e4                __sinit
 .text.__sfp_lock_acquire
                0x000000000200b8f4        0x4 c:/intelfpga_lite/17.0/nios2eds/bin/gnu/h-x86_64-mingw32/bin/../lib/gcc/nios2-elf/5.3.0/../../../../../H-x86_64-mingw32/nios2-elf/lib/mno-hw-mul\libc.a(lib_a-findfp.o)
                0x000000000200b8f4                __sfp_lock_acquire
 .text.__sfp_lock_release
                0x000000000200b8f8        0x4 c:/intelfpga_lite/17.0/nios2eds/bin/gnu/h-x86_64-mingw32/bin/../lib/gcc/nios2-elf/5.3.0/../../../../../H-x86_64-mingw32/nios2-elf/lib/mno-hw-mul\libc.a(lib_a-findfp.o)
                0x000000000200b8f8                __sfp_lock_release
 .text.__sinit_lock_acquire
                0x000000000200b8fc        0x4 c:/intelfpga_lite/17.0/nios2eds/bin/gnu/h-x86_64-mingw32/bin/../lib/gcc/nios2-elf/5.3.0/../../../../../H-x86_64-mingw32/nios2-elf/lib/mno-hw-mul\libc.a(lib_a-findfp.o)
                0x000000000200b8fc                __sinit_lock_acquire
 .text.__sinit_lock_release
                0x000000000200b900        0x4 c:/intelfpga_lite/17.0/nios2eds/bin/gnu/h-x86_64-mingw32/bin/../lib/gcc/nios2-elf/5.3.0/../../../../../H-x86_64-mingw32/nios2-elf/lib/mno-hw-mul\libc.a(lib_a-findfp.o)
                0x000000000200b900                __sinit_lock_release
 .text.__fp_lock_all
                0x000000000200b904       0x18 c:/intelfpga_lite/17.0/nios2eds/bin/gnu/h-x86_64-mingw32/bin/../lib/gcc/nios2-elf/5.3.0/../../../../../H-x86_64-mingw32/nios2-elf/lib/mno-hw-mul\libc.a(lib_a-findfp.o)
                0x000000000200b904                __fp_lock_all
 .text.__fp_unlock_all
                0x000000000200b91c       0x18 c:/intelfpga_lite/17.0/nios2eds/bin/gnu/h-x86_64-mingw32/bin/../lib/gcc/nios2-elf/5.3.0/../../../../../H-x86_64-mingw32/nios2-elf/lib/mno-hw-mul\libc.a(lib_a-findfp.o)
                0x000000000200b91c                __fp_unlock_all
 .text          0x000000000200b934        0x0 c:/intelfpga_lite/17.0/nios2eds/bin/gnu/h-x86_64-mingw32/bin/../lib/gcc/nios2-elf/5.3.0/../../../../../H-x86_64-mingw32/nios2-elf/lib/mno-hw-mul\libc.a(lib_a-fvwrite.o)
 .text.__sfvwrite_r
                0x000000000200b934      0x4c8 c:/intelfpga_lite/17.0/nios2eds/bin/gnu/h-x86_64-mingw32/bin/../lib/gcc/nios2-elf/5.3.0/../../../../../H-x86_64-mingw32/nios2-elf/lib/mno-hw-mul\libc.a(lib_a-fvwrite.o)
                0x000000000200b934                __sfvwrite_r
 .text          0x000000000200bdfc        0x0 c:/intelfpga_lite/17.0/nios2eds/bin/gnu/h-x86_64-mingw32/bin/../lib/gcc/nios2-elf/5.3.0/../../../../../H-x86_64-mingw32/nios2-elf/lib/mno-hw-mul\libc.a(lib_a-fwalk.o)
 .text._fwalk   0x000000000200bdfc       0xc4 c:/intelfpga_lite/17.0/nios2eds/bin/gnu/h-x86_64-mingw32/bin/../lib/gcc/nios2-elf/5.3.0/../../../../../H-x86_64-mingw32/nios2-elf/lib/mno-hw-mul\libc.a(lib_a-fwalk.o)
                0x000000000200bdfc                _fwalk
 .text._fwalk_reent
                0x000000000200bec0       0xc4 c:/intelfpga_lite/17.0/nios2eds/bin/gnu/h-x86_64-mingw32/bin/../lib/gcc/nios2-elf/5.3.0/../../../../../H-x86_64-mingw32/nios2-elf/lib/mno-hw-mul\libc.a(lib_a-fwalk.o)
                0x000000000200bec0                _fwalk_reent
 .text          0x000000000200bf84        0x0 c:/intelfpga_lite/17.0/nios2eds/bin/gnu/h-x86_64-mingw32/bin/../lib/gcc/nios2-elf/5.3.0/../../../../../H-x86_64-mingw32/nios2-elf/lib/mno-hw-mul\libc.a(lib_a-impure.o)
 .text          0x000000000200bf84        0x0 c:/intelfpga_lite/17.0/nios2eds/bin/gnu/h-x86_64-mingw32/bin/../lib/gcc/nios2-elf/5.3.0/../../../../../H-x86_64-mingw32/nios2-elf/lib/mno-hw-mul\libc.a(lib_a-mallocr.o)
 .text._malloc_r
                0x000000000200bf84      0x80c c:/intelfpga_lite/17.0/nios2eds/bin/gnu/h-x86_64-mingw32/bin/../lib/gcc/nios2-elf/5.3.0/../../../../../H-x86_64-mingw32/nios2-elf/lib/mno-hw-mul\libc.a(lib_a-mallocr.o)
                0x000000000200bf84                _malloc_r
 .text          0x000000000200c790        0x0 c:/intelfpga_lite/17.0/nios2eds/bin/gnu/h-x86_64-mingw32/bin/../lib/gcc/nios2-elf/5.3.0/../../../../../H-x86_64-mingw32/nios2-elf/lib/mno-hw-mul\libc.a(lib_a-memchr.o)
 .text.memchr   0x000000000200c790       0xe4 c:/intelfpga_lite/17.0/nios2eds/bin/gnu/h-x86_64-mingw32/bin/../lib/gcc/nios2-elf/5.3.0/../../../../../H-x86_64-mingw32/nios2-elf/lib/mno-hw-mul\libc.a(lib_a-memchr.o)
                0x000000000200c790                memchr
 .text          0x000000000200c874        0x0 c:/intelfpga_lite/17.0/nios2eds/bin/gnu/h-x86_64-mingw32/bin/../lib/gcc/nios2-elf/5.3.0/../../../../../H-x86_64-mingw32/nios2-elf/lib/mno-hw-mul\libc.a(lib_a-memmove.o)
 .text.memmove  0x000000000200c874      0x15c c:/intelfpga_lite/17.0/nios2eds/bin/gnu/h-x86_64-mingw32/bin/../lib/gcc/nios2-elf/5.3.0/../../../../../H-x86_64-mingw32/nios2-elf/lib/mno-hw-mul\libc.a(lib_a-memmove.o)
                0x000000000200c874                memmove
 .text          0x000000000200c9d0        0x0 c:/intelfpga_lite/17.0/nios2eds/bin/gnu/h-x86_64-mingw32/bin/../lib/gcc/nios2-elf/5.3.0/../../../../../H-x86_64-mingw32/nios2-elf/lib/mno-hw-mul\libc.a(lib_a-reallocr.o)
 .text._realloc_r
                0x000000000200c9d0      0x564 c:/intelfpga_lite/17.0/nios2eds/bin/gnu/h-x86_64-mingw32/bin/../lib/gcc/nios2-elf/5.3.0/../../../../../H-x86_64-mingw32/nios2-elf/lib/mno-hw-mul\libc.a(lib_a-reallocr.o)
                0x000000000200c9d0                _realloc_r
 .text          0x000000000200cf34        0x0 c:/intelfpga_lite/17.0/nios2eds/bin/gnu/h-x86_64-mingw32/bin/../lib/gcc/nios2-elf/5.3.0/../../../../../H-x86_64-mingw32/nios2-elf/lib/mno-hw-mul\libc.a(lib_a-sbrkr.o)
 .text._sbrk_r  0x000000000200cf34       0x54 c:/intelfpga_lite/17.0/nios2eds/bin/gnu/h-x86_64-mingw32/bin/../lib/gcc/nios2-elf/5.3.0/../../../../../H-x86_64-mingw32/nios2-elf/lib/mno-hw-mul\libc.a(lib_a-sbrkr.o)
                0x000000000200cf34                _sbrk_r
 .text          0x000000000200cf88        0x0 c:/intelfpga_lite/17.0/nios2eds/bin/gnu/h-x86_64-mingw32/bin/../lib/gcc/nios2-elf/5.3.0/../../../../../H-x86_64-mingw32/nios2-elf/lib/mno-hw-mul\libc.a(lib_a-stdio.o)
 .text.__sread  0x000000000200cf88       0x54 c:/intelfpga_lite/17.0/nios2eds/bin/gnu/h-x86_64-mingw32/bin/../lib/gcc/nios2-elf/5.3.0/../../../../../H-x86_64-mingw32/nios2-elf/lib/mno-hw-mul\libc.a(lib_a-stdio.o)
                0x000000000200cf88                __sread
 .text.__seofread
                0x000000000200cfdc        0x8 c:/intelfpga_lite/17.0/nios2eds/bin/gnu/h-x86_64-mingw32/bin/../lib/gcc/nios2-elf/5.3.0/../../../../../H-x86_64-mingw32/nios2-elf/lib/mno-hw-mul\libc.a(lib_a-stdio.o)
                0x000000000200cfdc                __seofread
 .text.__swrite
                0x000000000200cfe4       0x7c c:/intelfpga_lite/17.0/nios2eds/bin/gnu/h-x86_64-mingw32/bin/../lib/gcc/nios2-elf/5.3.0/../../../../../H-x86_64-mingw32/nios2-elf/lib/mno-hw-mul\libc.a(lib_a-stdio.o)
                0x000000000200cfe4                __swrite
 .text.__sseek  0x000000000200d060       0x5c c:/intelfpga_lite/17.0/nios2eds/bin/gnu/h-x86_64-mingw32/bin/../lib/gcc/nios2-elf/5.3.0/../../../../../H-x86_64-mingw32/nios2-elf/lib/mno-hw-mul\libc.a(lib_a-stdio.o)
                0x000000000200d060                __sseek
 .text.__sclose
                0x000000000200d0bc        0x8 c:/intelfpga_lite/17.0/nios2eds/bin/gnu/h-x86_64-mingw32/bin/../lib/gcc/nios2-elf/5.3.0/../../../../../H-x86_64-mingw32/nios2-elf/lib/mno-hw-mul\libc.a(lib_a-stdio.o)
                0x000000000200d0bc                __sclose
 .text          0x000000000200d0c4        0x0 c:/intelfpga_lite/17.0/nios2eds/bin/gnu/h-x86_64-mingw32/bin/../lib/gcc/nios2-elf/5.3.0/../../../../../H-x86_64-mingw32/nios2-elf/lib/mno-hw-mul\libc.a(lib_a-writer.o)
 .text._write_r
                0x000000000200d0c4       0x60 c:/intelfpga_lite/17.0/nios2eds/bin/gnu/h-x86_64-mingw32/bin/../lib/gcc/nios2-elf/5.3.0/../../../../../H-x86_64-mingw32/nios2-elf/lib/mno-hw-mul\libc.a(lib_a-writer.o)
                0x000000000200d0c4                _write_r
 .text          0x000000000200d124        0x0 c:/intelfpga_lite/17.0/nios2eds/bin/gnu/h-x86_64-mingw32/bin/../lib/gcc/nios2-elf/5.3.0/../../../../../H-x86_64-mingw32/nios2-elf/lib/mno-hw-mul\libc.a(lib_a-wsetup.o)
 .text.__swsetup_r
                0x000000000200d124      0x154 c:/intelfpga_lite/17.0/nios2eds/bin/gnu/h-x86_64-mingw32/bin/../lib/gcc/nios2-elf/5.3.0/../../../../../H-x86_64-mingw32/nios2-elf/lib/mno-hw-mul\libc.a(lib_a-wsetup.o)
                0x000000000200d124                __swsetup_r
 .text          0x000000000200d278        0x0 c:/intelfpga_lite/17.0/nios2eds/bin/gnu/h-x86_64-mingw32/bin/../lib/gcc/nios2-elf/5.3.0/../../../../../H-x86_64-mingw32/nios2-elf/lib/mno-hw-mul\libc.a(closer.o)
 .text._close_r
                0x000000000200d278       0x54 c:/intelfpga_lite/17.0/nios2eds/bin/gnu/h-x86_64-mingw32/bin/../lib/gcc/nios2-elf/5.3.0/../../../../../H-x86_64-mingw32/nios2-elf/lib/mno-hw-mul\libc.a(closer.o)
                0x000000000200d278                _close_r
 .text          0x000000000200d2cc        0x0 c:/intelfpga_lite/17.0/nios2eds/bin/gnu/h-x86_64-mingw32/bin/../lib/gcc/nios2-elf/5.3.0/../../../../../H-x86_64-mingw32/nios2-elf/lib/mno-hw-mul\libc.a(lib_a-fclose.o)
 .text._fclose_r
                0x000000000200d2cc       0xf0 c:/intelfpga_lite/17.0/nios2eds/bin/gnu/h-x86_64-mingw32/bin/../lib/gcc/nios2-elf/5.3.0/../../../../../H-x86_64-mingw32/nios2-elf/lib/mno-hw-mul\libc.a(lib_a-fclose.o)
                0x000000000200d2cc                _fclose_r
 .text.fclose   0x000000000200d3bc       0x14 c:/intelfpga_lite/17.0/nios2eds/bin/gnu/h-x86_64-mingw32/bin/../lib/gcc/nios2-elf/5.3.0/../../../../../H-x86_64-mingw32/nios2-elf/lib/mno-hw-mul\libc.a(lib_a-fclose.o)
                0x000000000200d3bc                fclose
 .text          0x000000000200d3d0        0x0 c:/intelfpga_lite/17.0/nios2eds/bin/gnu/h-x86_64-mingw32/bin/../lib/gcc/nios2-elf/5.3.0/../../../../../H-x86_64-mingw32/nios2-elf/lib/mno-hw-mul\libc.a(lib_a-fflush.o)
 .text.__sflush_r
                0x000000000200d3d0      0x21c c:/intelfpga_lite/17.0/nios2eds/bin/gnu/h-x86_64-mingw32/bin/../lib/gcc/nios2-elf/5.3.0/../../../../../H-x86_64-mingw32/nios2-elf/lib/mno-hw-mul\libc.a(lib_a-fflush.o)
                0x000000000200d3d0                __sflush_r
 .text._fflush_r
                0x000000000200d5ec       0x5c c:/intelfpga_lite/17.0/nios2eds/bin/gnu/h-x86_64-mingw32/bin/../lib/gcc/nios2-elf/5.3.0/../../../../../H-x86_64-mingw32/nios2-elf/lib/mno-hw-mul\libc.a(lib_a-fflush.o)
                0x000000000200d5ec                _fflush_r
 .text.fflush   0x000000000200d648       0x30 c:/intelfpga_lite/17.0/nios2eds/bin/gnu/h-x86_64-mingw32/bin/../lib/gcc/nios2-elf/5.3.0/../../../../../H-x86_64-mingw32/nios2-elf/lib/mno-hw-mul\libc.a(lib_a-fflush.o)
                0x000000000200d648                fflush
 .text          0x000000000200d678        0x0 c:/intelfpga_lite/17.0/nios2eds/bin/gnu/h-x86_64-mingw32/bin/../lib/gcc/nios2-elf/5.3.0/../../../../../H-x86_64-mingw32/nios2-elf/lib/mno-hw-mul\libc.a(lib_a-freer.o)
 .text._malloc_trim_r
                0x000000000200d678      0x124 c:/intelfpga_lite/17.0/nios2eds/bin/gnu/h-x86_64-mingw32/bin/../lib/gcc/nios2-elf/5.3.0/../../../../../H-x86_64-mingw32/nios2-elf/lib/mno-hw-mul\libc.a(lib_a-freer.o)
                0x000000000200d678                _malloc_trim_r
 .text._free_r  0x000000000200d79c      0x310 c:/intelfpga_lite/17.0/nios2eds/bin/gnu/h-x86_64-mingw32/bin/../lib/gcc/nios2-elf/5.3.0/../../../../../H-x86_64-mingw32/nios2-elf/lib/mno-hw-mul\libc.a(lib_a-freer.o)
                0x000000000200d79c                _free_r
 .text          0x000000000200daac        0x0 c:/intelfpga_lite/17.0/nios2eds/bin/gnu/h-x86_64-mingw32/bin/../lib/gcc/nios2-elf/5.3.0/../../../../../H-x86_64-mingw32/nios2-elf/lib/mno-hw-mul\libc.a(lib_a-int_errno.o)
 .text          0x000000000200daac        0x0 c:/intelfpga_lite/17.0/nios2eds/bin/gnu/h-x86_64-mingw32/bin/../lib/gcc/nios2-elf/5.3.0/../../../../../H-x86_64-mingw32/nios2-elf/lib/mno-hw-mul\libc.a(lib_a-lseekr.o)
 .text._lseek_r
                0x000000000200daac       0x60 c:/intelfpga_lite/17.0/nios2eds/bin/gnu/h-x86_64-mingw32/bin/../lib/gcc/nios2-elf/5.3.0/../../../../../H-x86_64-mingw32/nios2-elf/lib/mno-hw-mul\libc.a(lib_a-lseekr.o)
                0x000000000200daac                _lseek_r
 .text          0x000000000200db0c        0x0 c:/intelfpga_lite/17.0/nios2eds/bin/gnu/h-x86_64-mingw32/bin/../lib/gcc/nios2-elf/5.3.0/../../../../../H-x86_64-mingw32/nios2-elf/lib/mno-hw-mul\libc.a(lib_a-makebuf.o)
 .text.__smakebuf_r
                0x000000000200db0c      0x1bc c:/intelfpga_lite/17.0/nios2eds/bin/gnu/h-x86_64-mingw32/bin/../lib/gcc/nios2-elf/5.3.0/../../../../../H-x86_64-mingw32/nios2-elf/lib/mno-hw-mul\libc.a(lib_a-makebuf.o)
                0x000000000200db0c                __smakebuf_r
 .text          0x000000000200dcc8        0x0 c:/intelfpga_lite/17.0/nios2eds/bin/gnu/h-x86_64-mingw32/bin/../lib/gcc/nios2-elf/5.3.0/../../../../../H-x86_64-mingw32/nios2-elf/lib/mno-hw-mul\libc.a(lib_a-readr.o)
 .text._read_r  0x000000000200dcc8       0x60 c:/intelfpga_lite/17.0/nios2eds/bin/gnu/h-x86_64-mingw32/bin/../lib/gcc/nios2-elf/5.3.0/../../../../../H-x86_64-mingw32/nios2-elf/lib/mno-hw-mul\libc.a(lib_a-readr.o)
                0x000000000200dcc8                _read_r
 .text          0x000000000200dd28        0x0 c:/intelfpga_lite/17.0/nios2eds/bin/gnu/h-x86_64-mingw32/bin/../lib/gcc/nios2-elf/5.3.0/../../../../../H-x86_64-mingw32/nios2-elf/lib/mno-hw-mul\libc.a(lib_a-fstatr.o)
 .text._fstat_r
                0x000000000200dd28       0x5c c:/intelfpga_lite/17.0/nios2eds/bin/gnu/h-x86_64-mingw32/bin/../lib/gcc/nios2-elf/5.3.0/../../../../../H-x86_64-mingw32/nios2-elf/lib/mno-hw-mul\libc.a(lib_a-fstatr.o)
                0x000000000200dd28                _fstat_r
 .text          0x000000000200dd84        0x0 c:/intelfpga_lite/17.0/nios2eds/bin/gnu/h-x86_64-mingw32/bin/../lib/gcc/nios2-elf/5.3.0/../../../../../H-x86_64-mingw32/nios2-elf/lib/mno-hw-mul\libc.a(lib_a-isattyr.o)
 .text._isatty_r
                0x000000000200dd84       0x54 c:/intelfpga_lite/17.0/nios2eds/bin/gnu/h-x86_64-mingw32/bin/../lib/gcc/nios2-elf/5.3.0/../../../../../H-x86_64-mingw32/nios2-elf/lib/mno-hw-mul\libc.a(lib_a-isattyr.o)
                0x000000000200dd84                _isatty_r
 .text          0x000000000200ddd8      0x114 ../NiosII_FreeRTOS_bsp/\libhal_bsp.a(alt_close.o)
                0x000000000200de14                close
 .text          0x000000000200deec       0x2c ../NiosII_FreeRTOS_bsp/\libhal_bsp.a(alt_dev.o)
 .text          0x000000000200df18        0x0 ../NiosII_FreeRTOS_bsp/\libhal_bsp.a(alt_errno.o)
 .text          0x000000000200df18       0xf4 ../NiosII_FreeRTOS_bsp/\libhal_bsp.a(alt_fstat.o)
                0x000000000200df54                fstat
 .text          0x000000000200e00c      0x1b0 ../NiosII_FreeRTOS_bsp/\libhal_bsp.a(alt_iic.o)
                0x000000000200e00c                alt_ic_isr_register
                0x000000000200e05c                alt_ic_irq_enable
                0x000000000200e0e4                alt_ic_irq_disable
                0x000000000200e170                alt_ic_irq_enabled
 .text          0x000000000200e1bc        0x0 ../NiosII_FreeRTOS_bsp/\libhal_bsp.a(alt_irq_handler.o)
 .text          0x000000000200e1bc        0x0 ../NiosII_FreeRTOS_bsp/\libhal_bsp.a(alt_irq_vars.o)
 .text          0x000000000200e1bc       0xe8 ../NiosII_FreeRTOS_bsp/\libhal_bsp.a(alt_isatty.o)
                0x000000000200e1f8                isatty
 .text          0x000000000200e2a4      0x118 ../NiosII_FreeRTOS_bsp/\libhal_bsp.a(alt_lseek.o)
                0x000000000200e2e0                lseek
 .text          0x000000000200e3bc       0x7c ../NiosII_FreeRTOS_bsp/\libhal_bsp.a(alt_main.o)
                0x000000000200e3bc                alt_main
 .text          0x000000000200e438       0x48 ../NiosII_FreeRTOS_bsp/\libhal_bsp.a(alt_malloc_lock.o)
                0x000000000200e438                __malloc_lock
                0x000000000200e45c                __malloc_unlock
 .text          0x000000000200e480      0x140 ../NiosII_FreeRTOS_bsp/\libhal_bsp.a(alt_read.o)
                0x000000000200e4bc                read
 .text          0x000000000200e5c0       0x84 ../NiosII_FreeRTOS_bsp/\libhal_bsp.a(alt_release_fd.o)
                0x000000000200e5c0                alt_release_fd
 .text          0x000000000200e644       0xb0 ../NiosII_FreeRTOS_bsp/\libhal_bsp.a(alt_sbrk.o)
                0x000000000200e644                sbrk
 .text          0x000000000200e6f4       0x30 ../NiosII_FreeRTOS_bsp/\libhal_bsp.a(alt_usleep.o)
                0x000000000200e6f4                usleep
 .text          0x000000000200e724      0x13c ../NiosII_FreeRTOS_bsp/\libhal_bsp.a(alt_write.o)
                0x000000000200e760                write
 .text          0x000000000200e860      0x178 ../NiosII_FreeRTOS_bsp/\libhal_bsp.a(alt_sys_init.o)
                0x000000000200e894                alt_irq_init
                0x000000000200e8cc                alt_sys_init
 .text          0x000000000200e9d8      0xafc ../NiosII_FreeRTOS_bsp/\libhal_bsp.a(altera_avalon_epcs_flash_controller.o)
                0x000000000200ea0c                alt_epcs_flash_init
                0x000000000200ef44                alt_epcs_flash_write
                0x000000000200f1a4                alt_epcs_flash_get_info
                0x000000000200f2c4                alt_epcs_flash_erase_block
                0x000000000200f33c                alt_epcs_flash_write_block
                0x000000000200f43c                alt_epcs_flash_read
 .text          0x000000000200f4d4      0x164 ../NiosII_FreeRTOS_bsp/\libhal_bsp.a(altera_avalon_jtag_uart_fd.o)
                0x000000000200f4d4                altera_avalon_jtag_uart_read_fd
                0x000000000200f534                altera_avalon_jtag_uart_write_fd
                0x000000000200f594                altera_avalon_jtag_uart_close_fd
                0x000000000200f5e4                altera_avalon_jtag_uart_ioctl_fd
 .text          0x000000000200f638      0x3d4 ../NiosII_FreeRTOS_bsp/\libhal_bsp.a(altera_avalon_jtag_uart_init.o)
                0x000000000200f638                altera_avalon_jtag_uart_init
                0x000000000200f9a4                altera_avalon_jtag_uart_close
 .text          0x000000000200fa0c       0xf0 ../NiosII_FreeRTOS_bsp/\libhal_bsp.a(altera_avalon_jtag_uart_ioctl.o)
                0x000000000200fa0c                altera_avalon_jtag_uart_ioctl
 .text          0x000000000200fafc      0x21c ../NiosII_FreeRTOS_bsp/\libhal_bsp.a(altera_avalon_jtag_uart_read.o)
                0x000000000200fafc                altera_avalon_jtag_uart_read
 .text          0x000000000200fd18      0x224 ../NiosII_FreeRTOS_bsp/\libhal_bsp.a(altera_avalon_jtag_uart_write.o)
                0x000000000200fd18                altera_avalon_jtag_uart_write
 .text          0x000000000200ff3c       0xf4 ../NiosII_FreeRTOS_bsp/\libhal_bsp.a(altera_avalon_timer_sc.o)
                0x000000000200ffb4                alt_avalon_timer_sc_init
 .text          0x0000000002010030        0x0 ../NiosII_FreeRTOS_bsp/\libhal_bsp.a(altera_avalon_timer_vars.o)
 .text          0x0000000002010030      0x110 ../NiosII_FreeRTOS_bsp/\libhal_bsp.a(altera_avalon_uart_fd.o)
                0x0000000002010030                altera_avalon_uart_read_fd
                0x0000000002010090                altera_avalon_uart_write_fd
                0x00000000020100f0                altera_avalon_uart_close_fd
 .text          0x0000000002010140      0x3c8 ../NiosII_FreeRTOS_bsp/\libhal_bsp.a(altera_avalon_uart_init.o)
                0x0000000002010140                altera_avalon_uart_init
                0x00000000020104b4                altera_avalon_uart_close
 .text          0x0000000002010508      0x218 ../NiosII_FreeRTOS_bsp/\libhal_bsp.a(altera_avalon_uart_read.o)
                0x0000000002010544                altera_avalon_uart_read
 .text          0x0000000002010720      0x1e8 ../NiosII_FreeRTOS_bsp/\libhal_bsp.a(altera_avalon_uart_write.o)
                0x000000000201075c                altera_avalon_uart_write
 .text          0x0000000002010908      0x63c ../NiosII_FreeRTOS_bsp/\libhal_bsp.a(epcs_commands.o)
                0x0000000002010908                epcs_read_status_register
                0x00000000020109d8                epcs_sector_erase
                0x0000000002010ad4                epcs_read_buffer
                0x0000000002010bc8                epcs_write_enable
                0x0000000002010c1c                epcs_write_status_register
                0x0000000002010c88                epcs_write_buffer
                0x0000000002010da4                epcs_read_electronic_signature
                0x0000000002010e0c                epcs_read_device_id
                0x0000000002010e8c                epcs_enter_4_bytes_mode
                0x0000000002010ee8                epcs_exit_4_bytes_mode
 .text          0x0000000002010f44      0x12c ../NiosII_FreeRTOS_bsp/\libhal_bsp.a(alt_alarm_start.o)
                0x0000000002010f44                alt_alarm_start
 .text          0x0000000002011070      0x158 ../NiosII_FreeRTOS_bsp/\libhal_bsp.a(alt_busy_sleep.o)
                0x0000000002011070                alt_busy_sleep
 .text          0x00000000020111c8       0xe0 ../NiosII_FreeRTOS_bsp/\libhal_bsp.a(alt_dev_llist_insert.o)
                0x0000000002011204                alt_dev_llist_insert
 .text          0x00000000020112a8       0x60 ../NiosII_FreeRTOS_bsp/\libhal_bsp.a(alt_do_ctors.o)
                0x00000000020112a8                _do_ctors
 .text          0x0000000002011308       0x60 ../NiosII_FreeRTOS_bsp/\libhal_bsp.a(alt_do_dtors.o)
                0x0000000002011308                _do_dtors
 .text          0x0000000002011368       0xbc ../NiosII_FreeRTOS_bsp/\libhal_bsp.a(alt_flash_dev.o)
                0x0000000002011368                alt_flash_open_dev
                0x00000000020113d0                alt_flash_close_dev
 .text          0x0000000002011424      0x160 ../NiosII_FreeRTOS_bsp/\libhal_bsp.a(alt_io_redirect.o)
                0x0000000002011508                alt_io_redirect
 .text          0x0000000002011584      0x284 ../NiosII_FreeRTOS_bsp/\libhal_bsp.a(alt_open.o)
                0x00000000020116ac                open
 .text          0x0000000002011808      0x1a4 ../NiosII_FreeRTOS_bsp/\libhal_bsp.a(alt_tick.o)
                0x0000000002011808                alt_alarm_stop
                0x00000000020118a4                alt_tick
 .text          0x00000000020119ac       0x24 ../NiosII_FreeRTOS_bsp/\libhal_bsp.a(altera_nios2_gen2_irq.o)
                0x00000000020119ac                altera_nios2_gen2_irq_init
 .text          0x00000000020119d0      0x1fc ../NiosII_FreeRTOS_bsp/\libhal_bsp.a(altera_avalon_spi.o)
                0x00000000020119d0                alt_avalon_spi_command
 .text          0x0000000002011bcc       0x90 ../NiosII_FreeRTOS_bsp/\libhal_bsp.a(alt_find_dev.o)
                0x0000000002011bcc                alt_find_dev
 .text          0x0000000002011c5c      0x108 ../NiosII_FreeRTOS_bsp/\libhal_bsp.a(alt_find_file.o)
                0x0000000002011c5c                alt_find_file
 .text          0x0000000002011d64       0xc4 ../NiosII_FreeRTOS_bsp/\libhal_bsp.a(alt_get_fd.o)
                0x0000000002011d64                alt_get_fd
 .text          0x0000000002011e28        0x0 c:/intelfpga_lite/17.0/nios2eds/bin/gnu/h-x86_64-mingw32/bin/../lib/gcc/nios2-elf/5.3.0/../../../../../H-x86_64-mingw32/nios2-elf/lib/mno-hw-mul\libc.a(lib_a-atexit.o)
 .text.atexit   0x0000000002011e28       0x14 c:/intelfpga_lite/17.0/nios2eds/bin/gnu/h-x86_64-mingw32/bin/../lib/gcc/nios2-elf/5.3.0/../../../../../H-x86_64-mingw32/nios2-elf/lib/mno-hw-mul\libc.a(lib_a-atexit.o)
                0x0000000002011e28                atexit
 .text          0x0000000002011e3c        0x0 c:/intelfpga_lite/17.0/nios2eds/bin/gnu/h-x86_64-mingw32/bin/../lib/gcc/nios2-elf/5.3.0/../../../../../H-x86_64-mingw32/nios2-elf/lib/mno-hw-mul\libc.a(lib_a-exit.o)
 .text.exit     0x0000000002011e3c       0x38 c:/intelfpga_lite/17.0/nios2eds/bin/gnu/h-x86_64-mingw32/bin/../lib/gcc/nios2-elf/5.3.0/../../../../../H-x86_64-mingw32/nios2-elf/lib/mno-hw-mul\libc.a(lib_a-exit.o)
                0x0000000002011e3c                exit
 .text          0x0000000002011e74        0x0 c:/intelfpga_lite/17.0/nios2eds/bin/gnu/h-x86_64-mingw32/bin/../lib/gcc/nios2-elf/5.3.0/../../../../../H-x86_64-mingw32/nios2-elf/lib/mno-hw-mul\libc.a(lib_a-memcmp.o)
 .text.memcmp   0x0000000002011e74       0x7c c:/intelfpga_lite/17.0/nios2eds/bin/gnu/h-x86_64-mingw32/bin/../lib/gcc/nios2-elf/5.3.0/../../../../../H-x86_64-mingw32/nios2-elf/lib/mno-hw-mul\libc.a(lib_a-memcmp.o)
                0x0000000002011e74                memcmp
 .text          0x0000000002011ef0        0x0 c:/intelfpga_lite/17.0/nios2eds/bin/gnu/h-x86_64-mingw32/bin/../lib/gcc/nios2-elf/5.3.0/../../../../../H-x86_64-mingw32/nios2-elf/lib/mno-hw-mul\libc.a(lib_a-__atexit.o)
 .text.__register_exitproc
                0x0000000002011ef0      0x118 c:/intelfpga_lite/17.0/nios2eds/bin/gnu/h-x86_64-mingw32/bin/../lib/gcc/nios2-elf/5.3.0/../../../../../H-x86_64-mingw32/nios2-elf/lib/mno-hw-mul\libc.a(lib_a-__atexit.o)
                0x0000000002011ef0                __register_exitproc
 .text          0x0000000002012008        0x0 c:/intelfpga_lite/17.0/nios2eds/bin/gnu/h-x86_64-mingw32/bin/../lib/gcc/nios2-elf/5.3.0/../../../../../H-x86_64-mingw32/nios2-elf/lib/mno-hw-mul\libc.a(lib_a-__call_atexit.o)
 .text.__call_exitprocs
                0x0000000002012008      0x180 c:/intelfpga_lite/17.0/nios2eds/bin/gnu/h-x86_64-mingw32/bin/../lib/gcc/nios2-elf/5.3.0/../../../../../H-x86_64-mingw32/nios2-elf/lib/mno-hw-mul\libc.a(lib_a-__call_atexit.o)
                0x0000000002012008                __call_exitprocs
 .text          0x0000000002012188       0x34 ../NiosII_FreeRTOS_bsp/\libhal_bsp.a(alt_exit.o)
                0x0000000002012188                _exit
 *(.gnu.warning.*)
 *(.fini)
                [!provide]                        PROVIDE (__etext, ABSOLUTE (.))
                [!provide]                        PROVIDE (_etext, ABSOLUTE (.))
                [!provide]                        PROVIDE (etext, ABSOLUTE (.))
 *(.eh_frame_hdr)
                0x00000000020121bc                . = ALIGN (0x4)
                [!provide]                        PROVIDE (__preinit_array_start, ABSOLUTE (.))
 *(.preinit_array)
                [!provide]                        PROVIDE (__preinit_array_end, ABSOLUTE (.))
                [!provide]                        PROVIDE (__init_array_start, ABSOLUTE (.))
 *(.init_array)
                [!provide]                        PROVIDE (__init_array_end, ABSOLUTE (.))
                [!provide]                        PROVIDE (__fini_array_start, ABSOLUTE (.))
 *(.fini_array)
                [!provide]                        PROVIDE (__fini_array_end, ABSOLUTE (.))
 *(.eh_frame)
 *(.gcc_except_table .gcc_except_table.*)
 *(.dynamic)
                0x00000000020121bc                PROVIDE (__CTOR_LIST__, ABSOLUTE (.))
 *(.ctors)
 *(SORT(.ctors.*))
                0x00000000020121bc                PROVIDE (__CTOR_END__, ABSOLUTE (.))
                0x00000000020121bc                PROVIDE (__DTOR_LIST__, ABSOLUTE (.))
 *(.dtors)
 *(SORT(.dtors.*))
                0x00000000020121bc                PROVIDE (__DTOR_END__, ABSOLUTE (.))
 *(.jcr)
                0x00000000020121bc                . = ALIGN (0x4)

.rodata         0x00000000020121bc      0x350
                [!provide]                        PROVIDE (__ram_rodata_start, ABSOLUTE (.))
                0x00000000020121bc                . = ALIGN (0x4)
 *(.rodata .rodata.* .gnu.linkonce.r.*)
 .rodata        0x00000000020121bc       0x30 obj/default/FreeRTOS/Common_Demo_Tasks/BlockQ.o
 .rodata        0x00000000020121ec       0x1f obj/default/FreeRTOS/Common_Demo_Tasks/GenQTest.o
 *fill*         0x000000000201220b        0x1 
 .rodata        0x000000000201220c       0x10 obj/default/FreeRTOS/Common_Demo_Tasks/PollQ.o
 .rodata        0x000000000201221c       0x1f obj/default/FreeRTOS/Common_Demo_Tasks/QPeek.o
 *fill*         0x000000000201223b        0x1 
 .rodata        0x000000000201223c        0xf obj/default/FreeRTOS/Common_Demo_Tasks/blocktim.o
 *fill*         0x000000000201224b        0x1 
 .rodata        0x000000000201224c        0xe obj/default/FreeRTOS/Common_Demo_Tasks/comtest.o
 *fill*         0x000000000201225a        0x2 
 .rodata        0x000000000201225c        0xd obj/default/FreeRTOS/Common_Demo_Tasks/countsem.o
 *fill*         0x0000000002012269        0x3 
 .rodata        0x000000000201226c       0x18 obj/default/FreeRTOS/Common_Demo_Tasks/death.o
 .rodata        0x0000000002012284       0x28 obj/default/FreeRTOS/Common_Demo_Tasks/dynamic.o
 .rodata        0x00000000020122ac        0x5 obj/default/FreeRTOS/Common_Demo_Tasks/flash.o
 *fill*         0x00000000020122b1        0x3 
 .rodata        0x00000000020122b4        0x8 obj/default/FreeRTOS/Common_Demo_Tasks/integer.o
 .rodata        0x00000000020122bc       0x15 obj/default/FreeRTOS/Common_Demo_Tasks/recmutex.o
 *fill*         0x00000000020122d1        0x3 
 .rodata        0x00000000020122d4       0x20 obj/default/FreeRTOS/Common_Demo_Tasks/semtest.o
 .rodata        0x00000000020122f4        0x5 obj/default/FreeRTOS/Source/tasks.o
 *fill*         0x00000000020122f9        0x3 
 .rodata        0x00000000020122fc       0x56 obj/default/hello_world.o
                0x00000000020122fc                numeros
 .rodata        0x0000000002012352      0x100 c:/intelfpga_lite/17.0/nios2eds/bin/gnu/h-x86_64-mingw32/bin/../lib/gcc/nios2-elf/5.3.0/mno-hw-mul\libgcc.a(_clz.o)
                0x0000000002012352                __clz_tab
 *fill*         0x0000000002012452        0x2 
 .rodata.str1.4
                0x0000000002012454        0x2 c:/intelfpga_lite/17.0/nios2eds/bin/gnu/h-x86_64-mingw32/bin/../lib/gcc/nios2-elf/5.3.0/../../../../../H-x86_64-mingw32/nios2-elf/lib/mno-hw-mul\libc.a(lib_a-puts.o)
 *fill*         0x0000000002012456        0x2 
 .rodata.str1.4
                0x0000000002012458        0x4 c:/intelfpga_lite/17.0/nios2eds/bin/gnu/h-x86_64-mingw32/bin/../lib/gcc/nios2-elf/5.3.0/../../../../../H-x86_64-mingw32/nios2-elf/lib/mno-hw-mul\libc.a(lib_a-impure.o)
                                          0x2 (size before relaxing)
 .rodata        0x000000000201245c        0xa ../NiosII_FreeRTOS_bsp/\libhal_bsp.a(alt_dev.o)
 *fill*         0x0000000002012466        0x2 
 .rodata        0x0000000002012468        0xa ../NiosII_FreeRTOS_bsp/\libhal_bsp.a(alt_main.o)
 *fill*         0x0000000002012472        0x2 
 .rodata        0x0000000002012474       0x95 ../NiosII_FreeRTOS_bsp/\libhal_bsp.a(alt_sys_init.o)
 *(.rodata1)
                0x000000000201250c                . = ALIGN (0x4)
 *fill*         0x0000000002012509        0x3 
                [!provide]                        PROVIDE (__ram_rodata_end, ABSOLUTE (.))
                [!provide]                        PROVIDE (__flash_rodata_start, LOADADDR (.rodata))

.rwdata         0x000000000201250c     0x1e14
                [!provide]                        PROVIDE (__ram_rwdata_start, ABSOLUTE (.))
                0x000000000201250c                . = ALIGN (0x4)
 *(.got.plt)
 *(.got)
 *(.data1)
 *(.data .data.* .gnu.linkonce.d.*)
 .data          0x000000000201250c        0x0 ../NiosII_FreeRTOS_bsp//obj/HAL/src/crt0.o
 .data          0x000000000201250c        0x0 obj/default/FreeRTOS/Common_Demo_Tasks/BlockQ.o
 .data          0x000000000201250c        0x0 obj/default/FreeRTOS/Common_Demo_Tasks/GenQTest.o
 .data          0x000000000201250c        0x0 obj/default/FreeRTOS/Common_Demo_Tasks/PollQ.o
 .data          0x000000000201250c        0x0 obj/default/FreeRTOS/Common_Demo_Tasks/QPeek.o
 .data          0x000000000201250c        0x0 obj/default/FreeRTOS/Common_Demo_Tasks/blocktim.o
 .data          0x000000000201250c        0x0 obj/default/FreeRTOS/Common_Demo_Tasks/comtest.o
 .data          0x000000000201250c        0x0 obj/default/FreeRTOS/Common_Demo_Tasks/countsem.o
 .data          0x000000000201250c        0x0 obj/default/FreeRTOS/Common_Demo_Tasks/death.o
 .data          0x000000000201250c        0x0 obj/default/FreeRTOS/Common_Demo_Tasks/dynamic.o
 .data          0x000000000201250c        0x0 obj/default/FreeRTOS/Common_Demo_Tasks/flash.o
 .data          0x000000000201250c        0x0 obj/default/FreeRTOS/Common_Demo_Tasks/integer.o
 .data          0x000000000201250c        0x0 obj/default/FreeRTOS/Common_Demo_Tasks/recmutex.o
 .data          0x000000000201250c        0x0 obj/default/FreeRTOS/Common_Demo_Tasks/semtest.o
 .data          0x000000000201250c        0x0 obj/default/FreeRTOS/ParTest/ParTest.o
 .data          0x000000000201250c        0x0 obj/default/FreeRTOS/Source/list.o
 .data          0x000000000201250c        0x0 obj/default/FreeRTOS/Source/portable/GCC/NiosII/port.o
 .data          0x000000000201250c        0x0 obj/default/FreeRTOS/Source/portable/MemMang/heap_2.o
 .data          0x000000000201250c        0x0 obj/default/FreeRTOS/Source/queue.o
 .data          0x000000000201250c        0x0 obj/default/FreeRTOS/Source/tasks.o
 .data          0x000000000201250c        0x0 obj/default/FreeRTOS/max7219.o
 .data          0x000000000201250c        0x0 obj/default/FreeRTOS/serial.o
 .data          0x000000000201250c        0x0 obj/default/hello_world.o
 .data          0x000000000201250c        0x0 obj/default/FreeRTOS/Source/portable/GCC/NiosII/port_asm.o
 .data          0x000000000201250c        0x0 c:/intelfpga_lite/17.0/nios2eds/bin/gnu/h-x86_64-mingw32/bin/../lib/gcc/nios2-elf/5.3.0/mno-hw-mul\libgcc.a(lib2-divmod.o)
 .data          0x000000000201250c        0x0 c:/intelfpga_lite/17.0/nios2eds/bin/gnu/h-x86_64-mingw32/bin/../lib/gcc/nios2-elf/5.3.0/mno-hw-mul\libgcc.a(lib2-mul.o)
 .data          0x000000000201250c        0x0 c:/intelfpga_lite/17.0/nios2eds/bin/gnu/h-x86_64-mingw32/bin/../lib/gcc/nios2-elf/5.3.0/mno-hw-mul\libgcc.a(adddf3.o)
 .data          0x000000000201250c        0x0 c:/intelfpga_lite/17.0/nios2eds/bin/gnu/h-x86_64-mingw32/bin/../lib/gcc/nios2-elf/5.3.0/mno-hw-mul\libgcc.a(muldf3.o)
 .data          0x000000000201250c        0x0 c:/intelfpga_lite/17.0/nios2eds/bin/gnu/h-x86_64-mingw32/bin/../lib/gcc/nios2-elf/5.3.0/mno-hw-mul\libgcc.a(fixdfsi.o)
 .data          0x000000000201250c        0x0 c:/intelfpga_lite/17.0/nios2eds/bin/gnu/h-x86_64-mingw32/bin/../lib/gcc/nios2-elf/5.3.0/mno-hw-mul\libgcc.a(floatsidf.o)
 .data          0x000000000201250c        0x0 c:/intelfpga_lite/17.0/nios2eds/bin/gnu/h-x86_64-mingw32/bin/../lib/gcc/nios2-elf/5.3.0/mno-hw-mul\libgcc.a(_clzsi2.o)
 .data          0x000000000201250c        0x0 c:/intelfpga_lite/17.0/nios2eds/bin/gnu/h-x86_64-mingw32/bin/../lib/gcc/nios2-elf/5.3.0/mno-hw-mul\libgcc.a(_clz.o)
 .data          0x000000000201250c        0x0 c:/intelfpga_lite/17.0/nios2eds/bin/gnu/h-x86_64-mingw32/bin/../lib/gcc/nios2-elf/5.3.0/../../../../../H-x86_64-mingw32/nios2-elf/lib/mno-hw-mul\libc.a(lib_a-itoa.o)
 .data          0x000000000201250c        0x0 c:/intelfpga_lite/17.0/nios2eds/bin/gnu/h-x86_64-mingw32/bin/../lib/gcc/nios2-elf/5.3.0/../../../../../H-x86_64-mingw32/nios2-elf/lib/mno-hw-mul\libc.a(lib_a-memcpy.o)
 .data          0x000000000201250c        0x0 c:/intelfpga_lite/17.0/nios2eds/bin/gnu/h-x86_64-mingw32/bin/../lib/gcc/nios2-elf/5.3.0/../../../../../H-x86_64-mingw32/nios2-elf/lib/mno-hw-mul\libc.a(lib_a-memset.o)
 .data          0x000000000201250c        0x0 c:/intelfpga_lite/17.0/nios2eds/bin/gnu/h-x86_64-mingw32/bin/../lib/gcc/nios2-elf/5.3.0/../../../../../H-x86_64-mingw32/nios2-elf/lib/mno-hw-mul\libc.a(lib_a-puts.o)
 .data          0x000000000201250c        0x0 c:/intelfpga_lite/17.0/nios2eds/bin/gnu/h-x86_64-mingw32/bin/../lib/gcc/nios2-elf/5.3.0/../../../../../H-x86_64-mingw32/nios2-elf/lib/mno-hw-mul\libc.a(lib_a-strcat.o)
 .data          0x000000000201250c        0x0 c:/intelfpga_lite/17.0/nios2eds/bin/gnu/h-x86_64-mingw32/bin/../lib/gcc/nios2-elf/5.3.0/../../../../../H-x86_64-mingw32/nios2-elf/lib/mno-hw-mul\libc.a(lib_a-strcpy.o)
 .data          0x000000000201250c        0x0 c:/intelfpga_lite/17.0/nios2eds/bin/gnu/h-x86_64-mingw32/bin/../lib/gcc/nios2-elf/5.3.0/../../../../../H-x86_64-mingw32/nios2-elf/lib/mno-hw-mul\libc.a(lib_a-strlen.o)
 .data          0x000000000201250c        0x0 c:/intelfpga_lite/17.0/nios2eds/bin/gnu/h-x86_64-mingw32/bin/../lib/gcc/nios2-elf/5.3.0/../../../../../H-x86_64-mingw32/nios2-elf/lib/mno-hw-mul\libc.a(lib_a-utoa.o)
 .data          0x000000000201250c        0x0 c:/intelfpga_lite/17.0/nios2eds/bin/gnu/h-x86_64-mingw32/bin/../lib/gcc/nios2-elf/5.3.0/../../../../../H-x86_64-mingw32/nios2-elf/lib/mno-hw-mul\libc.a(lib_a-findfp.o)
 .data          0x000000000201250c        0x0 c:/intelfpga_lite/17.0/nios2eds/bin/gnu/h-x86_64-mingw32/bin/../lib/gcc/nios2-elf/5.3.0/../../../../../H-x86_64-mingw32/nios2-elf/lib/mno-hw-mul\libc.a(lib_a-fvwrite.o)
 .data          0x000000000201250c        0x0 c:/intelfpga_lite/17.0/nios2eds/bin/gnu/h-x86_64-mingw32/bin/../lib/gcc/nios2-elf/5.3.0/../../../../../H-x86_64-mingw32/nios2-elf/lib/mno-hw-mul\libc.a(lib_a-fwalk.o)
 .data          0x000000000201250c        0x0 c:/intelfpga_lite/17.0/nios2eds/bin/gnu/h-x86_64-mingw32/bin/../lib/gcc/nios2-elf/5.3.0/../../../../../H-x86_64-mingw32/nios2-elf/lib/mno-hw-mul\libc.a(lib_a-impure.o)
 .data.impure_data
                0x000000000201250c      0x424 c:/intelfpga_lite/17.0/nios2eds/bin/gnu/h-x86_64-mingw32/bin/../lib/gcc/nios2-elf/5.3.0/../../../../../H-x86_64-mingw32/nios2-elf/lib/mno-hw-mul\libc.a(lib_a-impure.o)
 .data          0x0000000002012930        0x0 c:/intelfpga_lite/17.0/nios2eds/bin/gnu/h-x86_64-mingw32/bin/../lib/gcc/nios2-elf/5.3.0/../../../../../H-x86_64-mingw32/nios2-elf/lib/mno-hw-mul\libc.a(lib_a-mallocr.o)
 .data.__malloc_av_
                0x0000000002012930      0x408 c:/intelfpga_lite/17.0/nios2eds/bin/gnu/h-x86_64-mingw32/bin/../lib/gcc/nios2-elf/5.3.0/../../../../../H-x86_64-mingw32/nios2-elf/lib/mno-hw-mul\libc.a(lib_a-mallocr.o)
                0x0000000002012930                __malloc_av_
 .data          0x0000000002012d38        0x0 c:/intelfpga_lite/17.0/nios2eds/bin/gnu/h-x86_64-mingw32/bin/../lib/gcc/nios2-elf/5.3.0/../../../../../H-x86_64-mingw32/nios2-elf/lib/mno-hw-mul\libc.a(lib_a-memchr.o)
 .data          0x0000000002012d38        0x0 c:/intelfpga_lite/17.0/nios2eds/bin/gnu/h-x86_64-mingw32/bin/../lib/gcc/nios2-elf/5.3.0/../../../../../H-x86_64-mingw32/nios2-elf/lib/mno-hw-mul\libc.a(lib_a-memmove.o)
 .data          0x0000000002012d38        0x0 c:/intelfpga_lite/17.0/nios2eds/bin/gnu/h-x86_64-mingw32/bin/../lib/gcc/nios2-elf/5.3.0/../../../../../H-x86_64-mingw32/nios2-elf/lib/mno-hw-mul\libc.a(lib_a-reallocr.o)
 .data          0x0000000002012d38        0x0 c:/intelfpga_lite/17.0/nios2eds/bin/gnu/h-x86_64-mingw32/bin/../lib/gcc/nios2-elf/5.3.0/../../../../../H-x86_64-mingw32/nios2-elf/lib/mno-hw-mul\libc.a(lib_a-sbrkr.o)
 .data          0x0000000002012d38        0x0 c:/intelfpga_lite/17.0/nios2eds/bin/gnu/h-x86_64-mingw32/bin/../lib/gcc/nios2-elf/5.3.0/../../../../../H-x86_64-mingw32/nios2-elf/lib/mno-hw-mul\libc.a(lib_a-stdio.o)
 .data          0x0000000002012d38        0x0 c:/intelfpga_lite/17.0/nios2eds/bin/gnu/h-x86_64-mingw32/bin/../lib/gcc/nios2-elf/5.3.0/../../../../../H-x86_64-mingw32/nios2-elf/lib/mno-hw-mul\libc.a(lib_a-writer.o)
 .data          0x0000000002012d38        0x0 c:/intelfpga_lite/17.0/nios2eds/bin/gnu/h-x86_64-mingw32/bin/../lib/gcc/nios2-elf/5.3.0/../../../../../H-x86_64-mingw32/nios2-elf/lib/mno-hw-mul\libc.a(lib_a-wsetup.o)
 .data          0x0000000002012d38        0x0 c:/intelfpga_lite/17.0/nios2eds/bin/gnu/h-x86_64-mingw32/bin/../lib/gcc/nios2-elf/5.3.0/../../../../../H-x86_64-mingw32/nios2-elf/lib/mno-hw-mul\libc.a(closer.o)
 .data          0x0000000002012d38        0x0 c:/intelfpga_lite/17.0/nios2eds/bin/gnu/h-x86_64-mingw32/bin/../lib/gcc/nios2-elf/5.3.0/../../../../../H-x86_64-mingw32/nios2-elf/lib/mno-hw-mul\libc.a(lib_a-fclose.o)
 .data          0x0000000002012d38        0x0 c:/intelfpga_lite/17.0/nios2eds/bin/gnu/h-x86_64-mingw32/bin/../lib/gcc/nios2-elf/5.3.0/../../../../../H-x86_64-mingw32/nios2-elf/lib/mno-hw-mul\libc.a(lib_a-fflush.o)
 .data          0x0000000002012d38        0x0 c:/intelfpga_lite/17.0/nios2eds/bin/gnu/h-x86_64-mingw32/bin/../lib/gcc/nios2-elf/5.3.0/../../../../../H-x86_64-mingw32/nios2-elf/lib/mno-hw-mul\libc.a(lib_a-freer.o)
 .data          0x0000000002012d38        0x0 c:/intelfpga_lite/17.0/nios2eds/bin/gnu/h-x86_64-mingw32/bin/../lib/gcc/nios2-elf/5.3.0/../../../../../H-x86_64-mingw32/nios2-elf/lib/mno-hw-mul\libc.a(lib_a-int_errno.o)
 .data          0x0000000002012d38        0x0 c:/intelfpga_lite/17.0/nios2eds/bin/gnu/h-x86_64-mingw32/bin/../lib/gcc/nios2-elf/5.3.0/../../../../../H-x86_64-mingw32/nios2-elf/lib/mno-hw-mul\libc.a(lib_a-lseekr.o)
 .data          0x0000000002012d38        0x0 c:/intelfpga_lite/17.0/nios2eds/bin/gnu/h-x86_64-mingw32/bin/../lib/gcc/nios2-elf/5.3.0/../../../../../H-x86_64-mingw32/nios2-elf/lib/mno-hw-mul\libc.a(lib_a-makebuf.o)
 .data          0x0000000002012d38        0x0 c:/intelfpga_lite/17.0/nios2eds/bin/gnu/h-x86_64-mingw32/bin/../lib/gcc/nios2-elf/5.3.0/../../../../../H-x86_64-mingw32/nios2-elf/lib/mno-hw-mul\libc.a(lib_a-readr.o)
 .data          0x0000000002012d38        0x0 c:/intelfpga_lite/17.0/nios2eds/bin/gnu/h-x86_64-mingw32/bin/../lib/gcc/nios2-elf/5.3.0/../../../../../H-x86_64-mingw32/nios2-elf/lib/mno-hw-mul\libc.a(lib_a-fstatr.o)
 .data          0x0000000002012d38        0x0 c:/intelfpga_lite/17.0/nios2eds/bin/gnu/h-x86_64-mingw32/bin/../lib/gcc/nios2-elf/5.3.0/../../../../../H-x86_64-mingw32/nios2-elf/lib/mno-hw-mul\libc.a(lib_a-isattyr.o)
 .data          0x0000000002012d38        0x0 ../NiosII_FreeRTOS_bsp/\libhal_bsp.a(alt_close.o)
 .data          0x0000000002012d38      0x1a8 ../NiosII_FreeRTOS_bsp/\libhal_bsp.a(alt_dev.o)
                0x0000000002012d38                alt_dev_null
                0x0000000002012d60                alt_fd_list
 .data          0x0000000002012ee0        0x0 ../NiosII_FreeRTOS_bsp/\libhal_bsp.a(alt_errno.o)
 .data          0x0000000002012ee0        0x0 ../NiosII_FreeRTOS_bsp/\libhal_bsp.a(alt_fstat.o)
 .data          0x0000000002012ee0        0x0 ../NiosII_FreeRTOS_bsp/\libhal_bsp.a(alt_iic.o)
 .data          0x0000000002012ee0        0x0 ../NiosII_FreeRTOS_bsp/\libhal_bsp.a(alt_irq_handler.o)
 .data          0x0000000002012ee0        0x0 ../NiosII_FreeRTOS_bsp/\libhal_bsp.a(alt_irq_vars.o)
 .data          0x0000000002012ee0        0x0 ../NiosII_FreeRTOS_bsp/\libhal_bsp.a(alt_isatty.o)
 .data          0x0000000002012ee0        0x0 ../NiosII_FreeRTOS_bsp/\libhal_bsp.a(alt_lseek.o)
 .data          0x0000000002012ee0        0x0 ../NiosII_FreeRTOS_bsp/\libhal_bsp.a(alt_main.o)
 .data          0x0000000002012ee0        0x0 ../NiosII_FreeRTOS_bsp/\libhal_bsp.a(alt_malloc_lock.o)
 .data          0x0000000002012ee0        0x0 ../NiosII_FreeRTOS_bsp/\libhal_bsp.a(alt_read.o)
 .data          0x0000000002012ee0        0x0 ../NiosII_FreeRTOS_bsp/\libhal_bsp.a(alt_release_fd.o)
 .data          0x0000000002012ee0        0x0 ../NiosII_FreeRTOS_bsp/\libhal_bsp.a(alt_sbrk.o)
 .data          0x0000000002012ee0        0x0 ../NiosII_FreeRTOS_bsp/\libhal_bsp.a(alt_usleep.o)
 .data          0x0000000002012ee0        0x0 ../NiosII_FreeRTOS_bsp/\libhal_bsp.a(alt_write.o)
 .data          0x0000000002012ee0     0x13bc ../NiosII_FreeRTOS_bsp/\libhal_bsp.a(alt_sys_init.o)
 .data          0x000000000201429c        0x0 ../NiosII_FreeRTOS_bsp/\libhal_bsp.a(altera_avalon_epcs_flash_controller.o)
 .data          0x000000000201429c        0x0 ../NiosII_FreeRTOS_bsp/\libhal_bsp.a(altera_avalon_jtag_uart_fd.o)
 .data          0x000000000201429c        0x0 ../NiosII_FreeRTOS_bsp/\libhal_bsp.a(altera_avalon_jtag_uart_init.o)
 .data          0x000000000201429c        0x0 ../NiosII_FreeRTOS_bsp/\libhal_bsp.a(altera_avalon_jtag_uart_ioctl.o)
 .data          0x000000000201429c        0x0 ../NiosII_FreeRTOS_bsp/\libhal_bsp.a(altera_avalon_jtag_uart_read.o)
 .data          0x000000000201429c        0x0 ../NiosII_FreeRTOS_bsp/\libhal_bsp.a(altera_avalon_jtag_uart_write.o)
 .data          0x000000000201429c        0x0 ../NiosII_FreeRTOS_bsp/\libhal_bsp.a(altera_avalon_timer_sc.o)
 .data          0x000000000201429c        0x0 ../NiosII_FreeRTOS_bsp/\libhal_bsp.a(altera_avalon_timer_vars.o)
 .data          0x000000000201429c        0x0 ../NiosII_FreeRTOS_bsp/\libhal_bsp.a(altera_avalon_uart_fd.o)
 .data          0x000000000201429c        0x0 ../NiosII_FreeRTOS_bsp/\libhal_bsp.a(altera_avalon_uart_init.o)
 .data          0x000000000201429c        0x0 ../NiosII_FreeRTOS_bsp/\libhal_bsp.a(altera_avalon_uart_read.o)
 .data          0x000000000201429c        0x0 ../NiosII_FreeRTOS_bsp/\libhal_bsp.a(altera_avalon_uart_write.o)
 .data          0x000000000201429c        0x0 ../NiosII_FreeRTOS_bsp/\libhal_bsp.a(epcs_commands.o)
 .data          0x000000000201429c        0x0 ../NiosII_FreeRTOS_bsp/\libhal_bsp.a(alt_alarm_start.o)
 .data          0x000000000201429c        0x0 ../NiosII_FreeRTOS_bsp/\libhal_bsp.a(alt_busy_sleep.o)
 .data          0x000000000201429c        0x0 ../NiosII_FreeRTOS_bsp/\libhal_bsp.a(alt_dev_llist_insert.o)
 .data          0x000000000201429c        0x0 ../NiosII_FreeRTOS_bsp/\libhal_bsp.a(alt_do_ctors.o)
 .data          0x000000000201429c        0x0 ../NiosII_FreeRTOS_bsp/\libhal_bsp.a(alt_do_dtors.o)
 .data          0x000000000201429c        0x0 ../NiosII_FreeRTOS_bsp/\libhal_bsp.a(alt_flash_dev.o)
 .data          0x000000000201429c        0x0 ../NiosII_FreeRTOS_bsp/\libhal_bsp.a(alt_io_redirect.o)
 .data          0x000000000201429c        0x0 ../NiosII_FreeRTOS_bsp/\libhal_bsp.a(alt_open.o)
 .data          0x000000000201429c        0x0 ../NiosII_FreeRTOS_bsp/\libhal_bsp.a(alt_tick.o)
 .data          0x000000000201429c        0x0 ../NiosII_FreeRTOS_bsp/\libhal_bsp.a(altera_nios2_gen2_irq.o)
 .data          0x000000000201429c        0x0 ../NiosII_FreeRTOS_bsp/\libhal_bsp.a(altera_avalon_spi.o)
 .data          0x000000000201429c        0x0 ../NiosII_FreeRTOS_bsp/\libhal_bsp.a(alt_find_dev.o)
 .data          0x000000000201429c        0x0 ../NiosII_FreeRTOS_bsp/\libhal_bsp.a(alt_find_file.o)
 .data          0x000000000201429c        0x0 ../NiosII_FreeRTOS_bsp/\libhal_bsp.a(alt_get_fd.o)
 .data          0x000000000201429c        0x0 c:/intelfpga_lite/17.0/nios2eds/bin/gnu/h-x86_64-mingw32/bin/../lib/gcc/nios2-elf/5.3.0/../../../../../H-x86_64-mingw32/nios2-elf/lib/mno-hw-mul\libc.a(lib_a-atexit.o)
 .data          0x000000000201429c        0x0 c:/intelfpga_lite/17.0/nios2eds/bin/gnu/h-x86_64-mingw32/bin/../lib/gcc/nios2-elf/5.3.0/../../../../../H-x86_64-mingw32/nios2-elf/lib/mno-hw-mul\libc.a(lib_a-exit.o)
 .data          0x000000000201429c        0x0 c:/intelfpga_lite/17.0/nios2eds/bin/gnu/h-x86_64-mingw32/bin/../lib/gcc/nios2-elf/5.3.0/../../../../../H-x86_64-mingw32/nios2-elf/lib/mno-hw-mul\libc.a(lib_a-memcmp.o)
 .data          0x000000000201429c        0x0 c:/intelfpga_lite/17.0/nios2eds/bin/gnu/h-x86_64-mingw32/bin/../lib/gcc/nios2-elf/5.3.0/../../../../../H-x86_64-mingw32/nios2-elf/lib/mno-hw-mul\libc.a(lib_a-__atexit.o)
 .data          0x000000000201429c        0x0 c:/intelfpga_lite/17.0/nios2eds/bin/gnu/h-x86_64-mingw32/bin/../lib/gcc/nios2-elf/5.3.0/../../../../../H-x86_64-mingw32/nios2-elf/lib/mno-hw-mul\libc.a(lib_a-__call_atexit.o)
 .data          0x000000000201429c        0x0 ../NiosII_FreeRTOS_bsp/\libhal_bsp.a(alt_exit.o)
                0x000000000201c29c                _gp = ABSOLUTE ((. + 0x8000))
                [!provide]                        PROVIDE (gp, _gp)
 *(.rwdata .rwdata.*)
 *(.sdata .sdata.* .gnu.linkonce.s.*)
 .sdata         0x000000000201429c        0x6 obj/default/FreeRTOS/Common_Demo_Tasks/death.o
 *fill*         0x00000000020142a2        0x2 
 .sdata         0x00000000020142a4        0x8 obj/default/FreeRTOS/Source/portable/MemMang/heap_2.o
 .sdata         0x00000000020142ac       0x34 obj/default/hello_world.o
                0x00000000020142ac                VERDADERO
                0x00000000020142ad                FALSO
                0x00000000020142b0                Kp
                0x00000000020142b8                Kd
                0x00000000020142c0                velocidadMaxima
                0x00000000020142c4                velocidadBase
                0x00000000020142c8                dobleA
                0x00000000020142c9                doble5
                0x00000000020142cc                lineasIzquierda
                0x00000000020142d0                lineasDerecha
                0x00000000020142d4                PWM_izq
                0x00000000020142d8                PWM_der
                0x00000000020142dc                uxQueueLength
 .sdata._global_impure_ptr
                0x00000000020142e0        0x4 c:/intelfpga_lite/17.0/nios2eds/bin/gnu/h-x86_64-mingw32/bin/../lib/gcc/nios2-elf/5.3.0/../../../../../H-x86_64-mingw32/nios2-elf/lib/mno-hw-mul\libc.a(lib_a-impure.o)
                0x00000000020142e0                _global_impure_ptr
 .sdata._impure_ptr
                0x00000000020142e4        0x4 c:/intelfpga_lite/17.0/nios2eds/bin/gnu/h-x86_64-mingw32/bin/../lib/gcc/nios2-elf/5.3.0/../../../../../H-x86_64-mingw32/nios2-elf/lib/mno-hw-mul\libc.a(lib_a-impure.o)
                0x00000000020142e4                _impure_ptr
 .sdata.__malloc_sbrk_base
                0x00000000020142e8        0x4 c:/intelfpga_lite/17.0/nios2eds/bin/gnu/h-x86_64-mingw32/bin/../lib/gcc/nios2-elf/5.3.0/../../../../../H-x86_64-mingw32/nios2-elf/lib/mno-hw-mul\libc.a(lib_a-mallocr.o)
                0x00000000020142e8                __malloc_sbrk_base
 .sdata.__malloc_trim_threshold
                0x00000000020142ec        0x4 c:/intelfpga_lite/17.0/nios2eds/bin/gnu/h-x86_64-mingw32/bin/../lib/gcc/nios2-elf/5.3.0/../../../../../H-x86_64-mingw32/nios2-elf/lib/mno-hw-mul\libc.a(lib_a-mallocr.o)
                0x00000000020142ec                __malloc_trim_threshold
 .sdata         0x00000000020142f0       0x14 ../NiosII_FreeRTOS_bsp/\libhal_bsp.a(alt_dev.o)
                0x00000000020142f0                alt_fs_list
                0x00000000020142f8                alt_dev_list
                0x0000000002014300                alt_max_fd
 .sdata         0x0000000002014304        0x4 ../NiosII_FreeRTOS_bsp/\libhal_bsp.a(alt_errno.o)
                0x0000000002014304                alt_errno
 .sdata         0x0000000002014308        0x4 ../NiosII_FreeRTOS_bsp/\libhal_bsp.a(alt_irq_vars.o)
                0x0000000002014308                alt_priority_mask
 .sdata         0x000000000201430c        0x4 ../NiosII_FreeRTOS_bsp/\libhal_bsp.a(alt_sbrk.o)
 .sdata         0x0000000002014310        0x8 ../NiosII_FreeRTOS_bsp/\libhal_bsp.a(alt_flash_dev.o)
                0x0000000002014310                alt_flash_dev_list
 .sdata         0x0000000002014318        0x8 ../NiosII_FreeRTOS_bsp/\libhal_bsp.a(alt_tick.o)
                0x0000000002014318                alt_alarm_list
 *(.sdata2 .sdata2.* .gnu.linkonce.s2.*)
                0x0000000002014320                . = ALIGN (0x4)
                0x0000000002014320                _edata = ABSOLUTE (.)
                [!provide]                        PROVIDE (edata, ABSOLUTE (.))
                [!provide]                        PROVIDE (__ram_rwdata_end, ABSOLUTE (.))
                [!provide]                        PROVIDE (__flash_rwdata_start, LOADADDR (.rwdata))

.bss            0x0000000002014320   0x8004c4
                0x0000000002014320                __bss_start = ABSOLUTE (.)
                [!provide]                        PROVIDE (__sbss_start, ABSOLUTE (.))
                [!provide]                        PROVIDE (___sbss_start, ABSOLUTE (.))
 *(.dynsbss)
 *(.sbss .sbss.* .gnu.linkonce.sb.*)
 .sbss          0x0000000002014320       0x18 obj/default/FreeRTOS/Common_Demo_Tasks/BlockQ.o
 .sbss          0x0000000002014338       0x20 obj/default/FreeRTOS/Common_Demo_Tasks/GenQTest.o
 .sbss          0x0000000002014358        0xc obj/default/FreeRTOS/Common_Demo_Tasks/PollQ.o
 .sbss          0x0000000002014364        0xc obj/default/FreeRTOS/Common_Demo_Tasks/QPeek.o
 .sbss          0x0000000002014370        0xc obj/default/FreeRTOS/Common_Demo_Tasks/QPeek.o
                0x0000000002014370                xHighPriorityTask
                0x0000000002014374                xMediumPriorityTask
                0x0000000002014378                xHighestPriorityTask
 .sbss          0x000000000201437c       0x20 obj/default/FreeRTOS/Common_Demo_Tasks/blocktim.o
 .sbss          0x000000000201439c        0xc obj/default/FreeRTOS/Common_Demo_Tasks/comtest.o
 .sbss          0x00000000020143a8        0xc obj/default/FreeRTOS/Common_Demo_Tasks/countsem.o
 .sbss          0x00000000020143b4       0x10 obj/default/FreeRTOS/Common_Demo_Tasks/death.o
                0x00000000020143c0                xCreatedTask
 .sbss          0x00000000020143c4       0x2c obj/default/FreeRTOS/Common_Demo_Tasks/dynamic.o
                0x00000000020143ec                xSuspendedTestQueue
 .sbss          0x00000000020143f0        0x4 obj/default/FreeRTOS/Common_Demo_Tasks/flash.o
 .sbss          0x00000000020143f4        0x4 obj/default/FreeRTOS/Common_Demo_Tasks/integer.o
 .sbss          0x00000000020143f8       0x30 obj/default/FreeRTOS/Common_Demo_Tasks/recmutex.o
 .sbss          0x0000000002014428       0x12 obj/default/FreeRTOS/Common_Demo_Tasks/semtest.o
 *fill*         0x000000000201443a        0x2 
 .sbss          0x000000000201443c        0x4 obj/default/FreeRTOS/ParTest/ParTest.o
 .sbss          0x0000000002014440       0x14 obj/default/FreeRTOS/Source/portable/MemMang/heap_2.o
 .sbss          0x0000000002014454       0x3c obj/default/FreeRTOS/Source/tasks.o
                0x0000000002014454                pxCurrentTCB
 .sbss          0x0000000002014490        0xc obj/default/FreeRTOS/serial.o
                0x0000000002014498                uartControl
 .sbss          0x000000000201449c       0x27 obj/default/hello_world.o
                0x000000000201449c                portlog
                0x00000000020144a0                dobleLinea
                0x00000000020144a1                dobleLineaRegleta
                0x00000000020144a4                errorPasado
                0x00000000020144a8                vecesLineaNegra
                0x00000000020144ac                desactivarMotores
                0x00000000020144ad                detenerse
                0x00000000020144b0                xSemaphore
                0x00000000020144b8                envioXbeeFinalizado
                0x00000000020144b9                lecturaPixyFinalizada
                0x00000000020144ba                izq
                0x00000000020144bb                der
                0x00000000020144bc                matriz
 *fill*         0x00000000020144c3        0x1 
 .sbss.__malloc_max_total_mem
                0x00000000020144c4        0x4 c:/intelfpga_lite/17.0/nios2eds/bin/gnu/h-x86_64-mingw32/bin/../lib/gcc/nios2-elf/5.3.0/../../../../../H-x86_64-mingw32/nios2-elf/lib/mno-hw-mul\libc.a(lib_a-mallocr.o)
                0x00000000020144c4                __malloc_max_total_mem
 .sbss.__malloc_max_sbrked_mem
                0x00000000020144c8        0x4 c:/intelfpga_lite/17.0/nios2eds/bin/gnu/h-x86_64-mingw32/bin/../lib/gcc/nios2-elf/5.3.0/../../../../../H-x86_64-mingw32/nios2-elf/lib/mno-hw-mul\libc.a(lib_a-mallocr.o)
                0x00000000020144c8                __malloc_max_sbrked_mem
 .sbss.__malloc_top_pad
                0x00000000020144cc        0x4 c:/intelfpga_lite/17.0/nios2eds/bin/gnu/h-x86_64-mingw32/bin/../lib/gcc/nios2-elf/5.3.0/../../../../../H-x86_64-mingw32/nios2-elf/lib/mno-hw-mul\libc.a(lib_a-mallocr.o)
                0x00000000020144cc                __malloc_top_pad
 .sbss          0x00000000020144d0        0x4 c:/intelfpga_lite/17.0/nios2eds/bin/gnu/h-x86_64-mingw32/bin/../lib/gcc/nios2-elf/5.3.0/../../../../../H-x86_64-mingw32/nios2-elf/lib/mno-hw-mul\libc.a(lib_a-int_errno.o)
                0x00000000020144d0                errno
 .sbss          0x00000000020144d4        0x4 ../NiosII_FreeRTOS_bsp/\libhal_bsp.a(alt_irq_vars.o)
                0x00000000020144d4                alt_irq_active
 .sbss          0x00000000020144d8        0xc ../NiosII_FreeRTOS_bsp/\libhal_bsp.a(alt_main.o)
                0x00000000020144d8                alt_argc
                0x00000000020144dc                alt_argv
                0x00000000020144e0                alt_envp
 .sbss          0x00000000020144e4        0x8 ../NiosII_FreeRTOS_bsp/\libhal_bsp.a(altera_avalon_timer_vars.o)
                0x00000000020144e4                altera_avalon_timer_ts_base
                0x00000000020144e8                altera_avalon_timer_ts_freq
 .sbss          0x00000000020144ec        0x8 ../NiosII_FreeRTOS_bsp/\libhal_bsp.a(alt_tick.o)
                0x00000000020144ec                _alt_tick_rate
                0x00000000020144f0                _alt_nticks
 *(.sbss2 .sbss2.* .gnu.linkonce.sb2.*)
 *(.scommon)
                [!provide]                        PROVIDE (__sbss_end, ABSOLUTE (.))
                [!provide]                        PROVIDE (___sbss_end, ABSOLUTE (.))
 *(.dynbss)
 *(.bss .bss.* .gnu.linkonce.b.*)
 .bss           0x00000000020144f4        0x0 ../NiosII_FreeRTOS_bsp//obj/HAL/src/crt0.o
 .bss           0x00000000020144f4        0x0 obj/default/FreeRTOS/Common_Demo_Tasks/BlockQ.o
 .bss           0x00000000020144f4        0x0 obj/default/FreeRTOS/Common_Demo_Tasks/GenQTest.o
 .bss           0x00000000020144f4        0x0 obj/default/FreeRTOS/Common_Demo_Tasks/PollQ.o
 .bss           0x00000000020144f4        0x0 obj/default/FreeRTOS/Common_Demo_Tasks/QPeek.o
 .bss           0x00000000020144f4        0x0 obj/default/FreeRTOS/Common_Demo_Tasks/blocktim.o
 .bss           0x00000000020144f4        0x0 obj/default/FreeRTOS/Common_Demo_Tasks/comtest.o
 .bss           0x00000000020144f4       0x18 obj/default/FreeRTOS/Common_Demo_Tasks/countsem.o
 .bss           0x000000000201450c        0x0 obj/default/FreeRTOS/Common_Demo_Tasks/death.o
 .bss           0x000000000201450c        0x0 obj/default/FreeRTOS/Common_Demo_Tasks/dynamic.o
 .bss           0x000000000201450c        0x0 obj/default/FreeRTOS/Common_Demo_Tasks/flash.o
 .bss           0x000000000201450c        0x0 obj/default/FreeRTOS/Common_Demo_Tasks/integer.o
 .bss           0x000000000201450c        0x0 obj/default/FreeRTOS/Common_Demo_Tasks/recmutex.o
 .bss           0x000000000201450c        0x0 obj/default/FreeRTOS/Common_Demo_Tasks/semtest.o
 .bss           0x000000000201450c        0x0 obj/default/FreeRTOS/ParTest/ParTest.o
 .bss           0x000000000201450c        0x0 obj/default/FreeRTOS/Source/list.o
 .bss           0x000000000201450c        0x0 obj/default/FreeRTOS/Source/portable/GCC/NiosII/port.o
 .bss           0x000000000201450c   0x800000 obj/default/FreeRTOS/Source/portable/MemMang/heap_2.o
 .bss           0x000000000281450c        0x0 obj/default/FreeRTOS/Source/queue.o
 .bss           0x000000000281450c       0xc8 obj/default/FreeRTOS/Source/tasks.o
 .bss           0x00000000028145d4        0x0 obj/default/FreeRTOS/max7219.o
 .bss           0x00000000028145d4        0x0 obj/default/FreeRTOS/serial.o
 .bss           0x00000000028145d4        0x0 obj/default/hello_world.o
 .bss           0x00000000028145d4        0x0 obj/default/FreeRTOS/Source/portable/GCC/NiosII/port_asm.o
 .bss           0x00000000028145d4        0x0 c:/intelfpga_lite/17.0/nios2eds/bin/gnu/h-x86_64-mingw32/bin/../lib/gcc/nios2-elf/5.3.0/mno-hw-mul\libgcc.a(lib2-divmod.o)
 .bss           0x00000000028145d4        0x0 c:/intelfpga_lite/17.0/nios2eds/bin/gnu/h-x86_64-mingw32/bin/../lib/gcc/nios2-elf/5.3.0/mno-hw-mul\libgcc.a(lib2-mul.o)
 .bss           0x00000000028145d4        0x0 c:/intelfpga_lite/17.0/nios2eds/bin/gnu/h-x86_64-mingw32/bin/../lib/gcc/nios2-elf/5.3.0/mno-hw-mul\libgcc.a(adddf3.o)
 .bss           0x00000000028145d4        0x0 c:/intelfpga_lite/17.0/nios2eds/bin/gnu/h-x86_64-mingw32/bin/../lib/gcc/nios2-elf/5.3.0/mno-hw-mul\libgcc.a(muldf3.o)
 .bss           0x00000000028145d4        0x0 c:/intelfpga_lite/17.0/nios2eds/bin/gnu/h-x86_64-mingw32/bin/../lib/gcc/nios2-elf/5.3.0/mno-hw-mul\libgcc.a(fixdfsi.o)
 .bss           0x00000000028145d4        0x0 c:/intelfpga_lite/17.0/nios2eds/bin/gnu/h-x86_64-mingw32/bin/../lib/gcc/nios2-elf/5.3.0/mno-hw-mul\libgcc.a(floatsidf.o)
 .bss           0x00000000028145d4        0x0 c:/intelfpga_lite/17.0/nios2eds/bin/gnu/h-x86_64-mingw32/bin/../lib/gcc/nios2-elf/5.3.0/mno-hw-mul\libgcc.a(_clzsi2.o)
 .bss           0x00000000028145d4        0x0 c:/intelfpga_lite/17.0/nios2eds/bin/gnu/h-x86_64-mingw32/bin/../lib/gcc/nios2-elf/5.3.0/mno-hw-mul\libgcc.a(_clz.o)
 .bss           0x00000000028145d4        0x0 c:/intelfpga_lite/17.0/nios2eds/bin/gnu/h-x86_64-mingw32/bin/../lib/gcc/nios2-elf/5.3.0/../../../../../H-x86_64-mingw32/nios2-elf/lib/mno-hw-mul\libc.a(lib_a-itoa.o)
 .bss           0x00000000028145d4        0x0 c:/intelfpga_lite/17.0/nios2eds/bin/gnu/h-x86_64-mingw32/bin/../lib/gcc/nios2-elf/5.3.0/../../../../../H-x86_64-mingw32/nios2-elf/lib/mno-hw-mul\libc.a(lib_a-memcpy.o)
 .bss           0x00000000028145d4        0x0 c:/intelfpga_lite/17.0/nios2eds/bin/gnu/h-x86_64-mingw32/bin/../lib/gcc/nios2-elf/5.3.0/../../../../../H-x86_64-mingw32/nios2-elf/lib/mno-hw-mul\libc.a(lib_a-memset.o)
 .bss           0x00000000028145d4        0x0 c:/intelfpga_lite/17.0/nios2eds/bin/gnu/h-x86_64-mingw32/bin/../lib/gcc/nios2-elf/5.3.0/../../../../../H-x86_64-mingw32/nios2-elf/lib/mno-hw-mul\libc.a(lib_a-puts.o)
 .bss           0x00000000028145d4        0x0 c:/intelfpga_lite/17.0/nios2eds/bin/gnu/h-x86_64-mingw32/bin/../lib/gcc/nios2-elf/5.3.0/../../../../../H-x86_64-mingw32/nios2-elf/lib/mno-hw-mul\libc.a(lib_a-strcat.o)
 .bss           0x00000000028145d4        0x0 c:/intelfpga_lite/17.0/nios2eds/bin/gnu/h-x86_64-mingw32/bin/../lib/gcc/nios2-elf/5.3.0/../../../../../H-x86_64-mingw32/nios2-elf/lib/mno-hw-mul\libc.a(lib_a-strcpy.o)
 .bss           0x00000000028145d4        0x0 c:/intelfpga_lite/17.0/nios2eds/bin/gnu/h-x86_64-mingw32/bin/../lib/gcc/nios2-elf/5.3.0/../../../../../H-x86_64-mingw32/nios2-elf/lib/mno-hw-mul\libc.a(lib_a-strlen.o)
 .bss           0x00000000028145d4        0x0 c:/intelfpga_lite/17.0/nios2eds/bin/gnu/h-x86_64-mingw32/bin/../lib/gcc/nios2-elf/5.3.0/../../../../../H-x86_64-mingw32/nios2-elf/lib/mno-hw-mul\libc.a(lib_a-utoa.o)
 .bss           0x00000000028145d4        0x0 c:/intelfpga_lite/17.0/nios2eds/bin/gnu/h-x86_64-mingw32/bin/../lib/gcc/nios2-elf/5.3.0/../../../../../H-x86_64-mingw32/nios2-elf/lib/mno-hw-mul\libc.a(lib_a-findfp.o)
 .bss           0x00000000028145d4        0x0 c:/intelfpga_lite/17.0/nios2eds/bin/gnu/h-x86_64-mingw32/bin/../lib/gcc/nios2-elf/5.3.0/../../../../../H-x86_64-mingw32/nios2-elf/lib/mno-hw-mul\libc.a(lib_a-fvwrite.o)
 .bss           0x00000000028145d4        0x0 c:/intelfpga_lite/17.0/nios2eds/bin/gnu/h-x86_64-mingw32/bin/../lib/gcc/nios2-elf/5.3.0/../../../../../H-x86_64-mingw32/nios2-elf/lib/mno-hw-mul\libc.a(lib_a-fwalk.o)
 .bss           0x00000000028145d4        0x0 c:/intelfpga_lite/17.0/nios2eds/bin/gnu/h-x86_64-mingw32/bin/../lib/gcc/nios2-elf/5.3.0/../../../../../H-x86_64-mingw32/nios2-elf/lib/mno-hw-mul\libc.a(lib_a-impure.o)
 .bss           0x00000000028145d4        0x0 c:/intelfpga_lite/17.0/nios2eds/bin/gnu/h-x86_64-mingw32/bin/../lib/gcc/nios2-elf/5.3.0/../../../../../H-x86_64-mingw32/nios2-elf/lib/mno-hw-mul\libc.a(lib_a-mallocr.o)
 .bss.__malloc_current_mallinfo
                0x00000000028145d4       0x28 c:/intelfpga_lite/17.0/nios2eds/bin/gnu/h-x86_64-mingw32/bin/../lib/gcc/nios2-elf/5.3.0/../../../../../H-x86_64-mingw32/nios2-elf/lib/mno-hw-mul\libc.a(lib_a-mallocr.o)
                0x00000000028145d4                __malloc_current_mallinfo
 .bss           0x00000000028145fc        0x0 c:/intelfpga_lite/17.0/nios2eds/bin/gnu/h-x86_64-mingw32/bin/../lib/gcc/nios2-elf/5.3.0/../../../../../H-x86_64-mingw32/nios2-elf/lib/mno-hw-mul\libc.a(lib_a-memchr.o)
 .bss           0x00000000028145fc        0x0 c:/intelfpga_lite/17.0/nios2eds/bin/gnu/h-x86_64-mingw32/bin/../lib/gcc/nios2-elf/5.3.0/../../../../../H-x86_64-mingw32/nios2-elf/lib/mno-hw-mul\libc.a(lib_a-memmove.o)
 .bss           0x00000000028145fc        0x0 c:/intelfpga_lite/17.0/nios2eds/bin/gnu/h-x86_64-mingw32/bin/../lib/gcc/nios2-elf/5.3.0/../../../../../H-x86_64-mingw32/nios2-elf/lib/mno-hw-mul\libc.a(lib_a-reallocr.o)
 .bss           0x00000000028145fc        0x0 c:/intelfpga_lite/17.0/nios2eds/bin/gnu/h-x86_64-mingw32/bin/../lib/gcc/nios2-elf/5.3.0/../../../../../H-x86_64-mingw32/nios2-elf/lib/mno-hw-mul\libc.a(lib_a-sbrkr.o)
 .bss           0x00000000028145fc        0x0 c:/intelfpga_lite/17.0/nios2eds/bin/gnu/h-x86_64-mingw32/bin/../lib/gcc/nios2-elf/5.3.0/../../../../../H-x86_64-mingw32/nios2-elf/lib/mno-hw-mul\libc.a(lib_a-stdio.o)
 .bss           0x00000000028145fc        0x0 c:/intelfpga_lite/17.0/nios2eds/bin/gnu/h-x86_64-mingw32/bin/../lib/gcc/nios2-elf/5.3.0/../../../../../H-x86_64-mingw32/nios2-elf/lib/mno-hw-mul\libc.a(lib_a-writer.o)
 .bss           0x00000000028145fc        0x0 c:/intelfpga_lite/17.0/nios2eds/bin/gnu/h-x86_64-mingw32/bin/../lib/gcc/nios2-elf/5.3.0/../../../../../H-x86_64-mingw32/nios2-elf/lib/mno-hw-mul\libc.a(lib_a-wsetup.o)
 .bss           0x00000000028145fc        0x0 c:/intelfpga_lite/17.0/nios2eds/bin/gnu/h-x86_64-mingw32/bin/../lib/gcc/nios2-elf/5.3.0/../../../../../H-x86_64-mingw32/nios2-elf/lib/mno-hw-mul\libc.a(closer.o)
 .bss           0x00000000028145fc        0x0 c:/intelfpga_lite/17.0/nios2eds/bin/gnu/h-x86_64-mingw32/bin/../lib/gcc/nios2-elf/5.3.0/../../../../../H-x86_64-mingw32/nios2-elf/lib/mno-hw-mul\libc.a(lib_a-fclose.o)
 .bss           0x00000000028145fc        0x0 c:/intelfpga_lite/17.0/nios2eds/bin/gnu/h-x86_64-mingw32/bin/../lib/gcc/nios2-elf/5.3.0/../../../../../H-x86_64-mingw32/nios2-elf/lib/mno-hw-mul\libc.a(lib_a-fflush.o)
 .bss           0x00000000028145fc        0x0 c:/intelfpga_lite/17.0/nios2eds/bin/gnu/h-x86_64-mingw32/bin/../lib/gcc/nios2-elf/5.3.0/../../../../../H-x86_64-mingw32/nios2-elf/lib/mno-hw-mul\libc.a(lib_a-freer.o)
 .bss           0x00000000028145fc        0x0 c:/intelfpga_lite/17.0/nios2eds/bin/gnu/h-x86_64-mingw32/bin/../lib/gcc/nios2-elf/5.3.0/../../../../../H-x86_64-mingw32/nios2-elf/lib/mno-hw-mul\libc.a(lib_a-int_errno.o)
 .bss           0x00000000028145fc        0x0 c:/intelfpga_lite/17.0/nios2eds/bin/gnu/h-x86_64-mingw32/bin/../lib/gcc/nios2-elf/5.3.0/../../../../../H-x86_64-mingw32/nios2-elf/lib/mno-hw-mul\libc.a(lib_a-lseekr.o)
 .bss           0x00000000028145fc        0x0 c:/intelfpga_lite/17.0/nios2eds/bin/gnu/h-x86_64-mingw32/bin/../lib/gcc/nios2-elf/5.3.0/../../../../../H-x86_64-mingw32/nios2-elf/lib/mno-hw-mul\libc.a(lib_a-makebuf.o)
 .bss           0x00000000028145fc        0x0 c:/intelfpga_lite/17.0/nios2eds/bin/gnu/h-x86_64-mingw32/bin/../lib/gcc/nios2-elf/5.3.0/../../../../../H-x86_64-mingw32/nios2-elf/lib/mno-hw-mul\libc.a(lib_a-readr.o)
 .bss           0x00000000028145fc        0x0 c:/intelfpga_lite/17.0/nios2eds/bin/gnu/h-x86_64-mingw32/bin/../lib/gcc/nios2-elf/5.3.0/../../../../../H-x86_64-mingw32/nios2-elf/lib/mno-hw-mul\libc.a(lib_a-fstatr.o)
 .bss           0x00000000028145fc        0x0 c:/intelfpga_lite/17.0/nios2eds/bin/gnu/h-x86_64-mingw32/bin/../lib/gcc/nios2-elf/5.3.0/../../../../../H-x86_64-mingw32/nios2-elf/lib/mno-hw-mul\libc.a(lib_a-isattyr.o)
 .bss           0x00000000028145fc        0x0 ../NiosII_FreeRTOS_bsp/\libhal_bsp.a(alt_close.o)
 .bss           0x00000000028145fc        0x0 ../NiosII_FreeRTOS_bsp/\libhal_bsp.a(alt_dev.o)
 .bss           0x00000000028145fc        0x0 ../NiosII_FreeRTOS_bsp/\libhal_bsp.a(alt_errno.o)
 .bss           0x00000000028145fc        0x0 ../NiosII_FreeRTOS_bsp/\libhal_bsp.a(alt_fstat.o)
 .bss           0x00000000028145fc        0x0 ../NiosII_FreeRTOS_bsp/\libhal_bsp.a(alt_iic.o)
 .bss           0x00000000028145fc        0x0 ../NiosII_FreeRTOS_bsp/\libhal_bsp.a(alt_irq_handler.o)
 .bss           0x00000000028145fc        0x0 ../NiosII_FreeRTOS_bsp/\libhal_bsp.a(alt_irq_vars.o)
 .bss           0x00000000028145fc        0x0 ../NiosII_FreeRTOS_bsp/\libhal_bsp.a(alt_isatty.o)
 .bss           0x00000000028145fc        0x0 ../NiosII_FreeRTOS_bsp/\libhal_bsp.a(alt_lseek.o)
 .bss           0x00000000028145fc        0x0 ../NiosII_FreeRTOS_bsp/\libhal_bsp.a(alt_main.o)