------------------------------------------------------------
TimeQuest Timing Analyzer Summary
------------------------------------------------------------

Type  : Slow 1200mV 85C Model Setup 'u0|sys_pll|sd1|pll7|clk[0]'
Slack : 2.094
TNS   : 0.000

Type  : Slow 1200mV 85C Model Setup 'CLOCK_50'
Slack : 15.680
TNS   : 0.000

Type  : Slow 1200mV 85C Model Setup 'altera_reserved_tck'
Slack : 46.771
TNS   : 0.000

Type  : Slow 1200mV 85C Model Hold 'CLOCK_50'
Slack : 0.262
TNS   : 0.000

Type  : Slow 1200mV 85C Model Hold 'u0|sys_pll|sd1|pll7|clk[0]'
Slack : 0.308
TNS   : 0.000

Type  : Slow 1200mV 85C Model Hold 'altera_reserved_tck'
Slack : 0.358
TNS   : 0.000

Type  : Slow 1200mV 85C Model Recovery 'u0|sys_pll|sd1|pll7|clk[0]'
Slack : 5.197
TNS   : 0.000

Type  : Slow 1200mV 85C Model Recovery 'CLOCK_50'
Slack : 16.849
TNS   : 0.000

Type  : Slow 1200mV 85C Model Recovery 'altera_reserved_tck'
Slack : 48.212
TNS   : 0.000

Type  : Slow 1200mV 85C Model Removal 'altera_reserved_tck'
Slack : 0.926
TNS   : 0.000

Type  : Slow 1200mV 85C Model Removal 'u0|sys_pll|sd1|pll7|clk[0]'
Slack : 1.895
TNS   : 0.000

Type  : Slow 1200mV 85C Model Removal 'CLOCK_50'
Slack : 1.965
TNS   : 0.000

Type  : Slow 1200mV 85C Model Minimum Pulse Width 'u0|sys_pll|sd1|pll7|clk[0]'
Slack : 4.739
TNS   : 0.000

Type  : Slow 1200mV 85C Model Minimum Pulse Width 'CLOCK_50'
Slack : 9.489
TNS   : 0.000

Type  : Slow 1200mV 85C Model Minimum Pulse Width 'altera_reserved_tck'
Slack : 49.541
TNS   : 0.000

Type  : Slow 1200mV 0C Model Setup 'u0|sys_pll|sd1|pll7|clk[0]'
Slack : 2.924
TNS   : 0.000

Type  : Slow 1200mV 0C Model Setup 'CLOCK_50'
Slack : 16.116
TNS   : 0.000

Type  : Slow 1200mV 0C Model Setup 'altera_reserved_tck'
Slack : 47.215
TNS   : 0.000

Type  : Slow 1200mV 0C Model Hold 'CLOCK_50'
Slack : 0.256
TNS   : 0.000

Type  : Slow 1200mV 0C Model Hold 'u0|sys_pll|sd1|pll7|clk[0]'
Slack : 0.299
TNS   : 0.000

Type  : Slow 1200mV 0C Model Hold 'altera_reserved_tck'
Slack : 0.311
TNS   : 0.000

Type  : Slow 1200mV 0C Model Recovery 'u0|sys_pll|sd1|pll7|clk[0]'
Slack : 5.683
TNS   : 0.000

Type  : Slow 1200mV 0C Model Recovery 'CLOCK_50'
Slack : 17.206
TNS   : 0.000

Type  : Slow 1200mV 0C Model Recovery 'altera_reserved_tck'
Slack : 48.483
TNS   : 0.000

Type  : Slow 1200mV 0C Model Removal 'altera_reserved_tck'
Slack : 0.834
TNS   : 0.000

Type  : Slow 1200mV 0C Model Removal 'u0|sys_pll|sd1|pll7|clk[0]'
Slack : 1.684
TNS   : 0.000

Type  : Slow 1200mV 0C Model Removal 'CLOCK_50'
Slack : 1.755
TNS   : 0.000

Type  : Slow 1200mV 0C Model Minimum Pulse Width 'u0|sys_pll|sd1|pll7|clk[0]'
Slack : 4.738
TNS   : 0.000

Type  : Slow 1200mV 0C Model Minimum Pulse Width 'CLOCK_50'
Slack : 9.491
TNS   : 0.000

Type  : Slow 1200mV 0C Model Minimum Pulse Width 'altera_reserved_tck'
Slack : 49.501
TNS   : 0.000

Type  : Fast 1200mV 0C Model Setup 'u0|sys_pll|sd1|pll7|clk[0]'
Slack : 5.453
TNS   : 0.000

Type  : Fast 1200mV 0C Model Setup 'CLOCK_50'
Slack : 17.665
TNS   : 0.000

Type  : Fast 1200mV 0C Model Setup 'altera_reserved_tck'
Slack : 48.442
TNS   : 0.000

Type  : Fast 1200mV 0C Model Hold 'CLOCK_50'
Slack : 0.117
TNS   : 0.000

Type  : Fast 1200mV 0C Model Hold 'u0|sys_pll|sd1|pll7|clk[0]'
Slack : 0.148
TNS   : 0.000

Type  : Fast 1200mV 0C Model Hold 'altera_reserved_tck'
Slack : 0.187
TNS   : 0.000

Type  : Fast 1200mV 0C Model Recovery 'u0|sys_pll|sd1|pll7|clk[0]'
Slack : 7.120
TNS   : 0.000

Type  : Fast 1200mV 0C Model Recovery 'CLOCK_50'
Slack : 18.137
TNS   : 0.000

Type  : Fast 1200mV 0C Model Recovery 'altera_reserved_tck'
Slack : 49.273
TNS   : 0.000

Type  : Fast 1200mV 0C Model Removal 'altera_reserved_tck'
Slack : 0.505
TNS   : 0.000

Type  : Fast 1200mV 0C Model Removal 'u0|sys_pll|sd1|pll7|clk[0]'
Slack : 1.121
TNS   : 0.000

Type  : Fast 1200mV 0C Model Removal 'CLOCK_50'
Slack : 1.144
TNS   : 0.000

Type  : Fast 1200mV 0C Model Minimum Pulse Width 'u0|sys_pll|sd1|pll7|clk[0]'
Slack : 4.749
TNS   : 0.000

Type  : Fast 1200mV 0C Model Minimum Pulse Width 'CLOCK_50'
Slack : 9.209
TNS   : 0.000

Type  : Fast 1200mV 0C Model Minimum Pulse Width 'altera_reserved_tck'
Slack : 49.312
TNS   : 0.000

------------------------------------------------------------
