------------------------------------------------------------
TimeQuest Timing Analyzer Summary
------------------------------------------------------------

Type  : Slow 1200mV 85C Model Setup 'u0|sys_pll|sd1|pll7|clk[0]'
Slack : 1.625
TNS   : 0.000

Type  : Slow 1200mV 85C Model Setup 'CLOCK_50'
Slack : 15.357
TNS   : 0.000

Type  : Slow 1200mV 85C Model Setup 'altera_reserved_tck'
Slack : 46.061
TNS   : 0.000

Type  : Slow 1200mV 85C Model Hold 'u0|sys_pll|sd1|pll7|clk[0]'
Slack : 0.309
TNS   : 0.000

Type  : Slow 1200mV 85C Model Hold 'CLOCK_50'
Slack : 0.312
TNS   : 0.000

Type  : Slow 1200mV 85C Model Hold 'altera_reserved_tck'
Slack : 0.358
TNS   : 0.000

Type  : Slow 1200mV 85C Model Recovery 'u0|sys_pll|sd1|pll7|clk[0]'
Slack : 6.464
TNS   : 0.000

Type  : Slow 1200mV 85C Model Recovery 'CLOCK_50'
Slack : 16.932
TNS   : 0.000

Type  : Slow 1200mV 85C Model Recovery 'altera_reserved_tck'
Slack : 48.029
TNS   : 0.000

Type  : Slow 1200mV 85C Model Removal 'altera_reserved_tck'
Slack : 1.348
TNS   : 0.000

Type  : Slow 1200mV 85C Model Removal 'CLOCK_50'
Slack : 1.824
TNS   : 0.000

Type  : Slow 1200mV 85C Model Removal 'u0|sys_pll|sd1|pll7|clk[0]'
Slack : 2.110
TNS   : 0.000

Type  : Slow 1200mV 85C Model Minimum Pulse Width 'u0|sys_pll|sd1|pll7|clk[0]'
Slack : 4.737
TNS   : 0.000

Type  : Slow 1200mV 85C Model Minimum Pulse Width 'CLOCK_50'
Slack : 9.490
TNS   : 0.000

Type  : Slow 1200mV 85C Model Minimum Pulse Width 'altera_reserved_tck'
Slack : 49.539
TNS   : 0.000

Type  : Slow 1200mV 0C Model Setup 'u0|sys_pll|sd1|pll7|clk[0]'
Slack : 2.436
TNS   : 0.000

Type  : Slow 1200mV 0C Model Setup 'CLOCK_50'
Slack : 15.838
TNS   : 0.000

Type  : Slow 1200mV 0C Model Setup 'altera_reserved_tck'
Slack : 46.573
TNS   : 0.000

Type  : Slow 1200mV 0C Model Hold 'CLOCK_50'
Slack : 0.299
TNS   : 0.000

Type  : Slow 1200mV 0C Model Hold 'u0|sys_pll|sd1|pll7|clk[0]'
Slack : 0.307
TNS   : 0.000

Type  : Slow 1200mV 0C Model Hold 'altera_reserved_tck'
Slack : 0.311
TNS   : 0.000

Type  : Slow 1200mV 0C Model Recovery 'u0|sys_pll|sd1|pll7|clk[0]'
Slack : 6.809
TNS   : 0.000

Type  : Slow 1200mV 0C Model Recovery 'CLOCK_50'
Slack : 17.291
TNS   : 0.000

Type  : Slow 1200mV 0C Model Recovery 'altera_reserved_tck'
Slack : 48.290
TNS   : 0.000

Type  : Slow 1200mV 0C Model Removal 'altera_reserved_tck'
Slack : 1.226
TNS   : 0.000

Type  : Slow 1200mV 0C Model Removal 'CLOCK_50'
Slack : 1.619
TNS   : 0.000

Type  : Slow 1200mV 0C Model Removal 'u0|sys_pll|sd1|pll7|clk[0]'
Slack : 1.883
TNS   : 0.000

Type  : Slow 1200mV 0C Model Minimum Pulse Width 'u0|sys_pll|sd1|pll7|clk[0]'
Slack : 4.740
TNS   : 0.000

Type  : Slow 1200mV 0C Model Minimum Pulse Width 'CLOCK_50'
Slack : 9.490
TNS   : 0.000

Type  : Slow 1200mV 0C Model Minimum Pulse Width 'altera_reserved_tck'
Slack : 49.496
TNS   : 0.000

Type  : Fast 1200mV 0C Model Setup 'u0|sys_pll|sd1|pll7|clk[0]'
Slack : 5.255
TNS   : 0.000

Type  : Fast 1200mV 0C Model Setup 'CLOCK_50'
Slack : 17.332
TNS   : 0.000

Type  : Fast 1200mV 0C Model Setup 'altera_reserved_tck'
Slack : 48.024
TNS   : 0.000

Type  : Fast 1200mV 0C Model Hold 'u0|sys_pll|sd1|pll7|clk[0]'
Slack : 0.148
TNS   : 0.000

Type  : Fast 1200mV 0C Model Hold 'CLOCK_50'
Slack : 0.153
TNS   : 0.000

Type  : Fast 1200mV 0C Model Hold 'altera_reserved_tck'
Slack : 0.186
TNS   : 0.000

Type  : Fast 1200mV 0C Model Recovery 'u0|sys_pll|sd1|pll7|clk[0]'
Slack : 7.940
TNS   : 0.000

Type  : Fast 1200mV 0C Model Recovery 'CLOCK_50'
Slack : 18.186
TNS   : 0.000

Type  : Fast 1200mV 0C Model Recovery 'altera_reserved_tck'
Slack : 49.156
TNS   : 0.000

Type  : Fast 1200mV 0C Model Removal 'altera_reserved_tck'
Slack : 0.734
TNS   : 0.000

Type  : Fast 1200mV 0C Model Removal 'CLOCK_50'
Slack : 1.070
TNS   : 0.000

Type  : Fast 1200mV 0C Model Removal 'u0|sys_pll|sd1|pll7|clk[0]'
Slack : 1.232
TNS   : 0.000

Type  : Fast 1200mV 0C Model Minimum Pulse Width 'u0|sys_pll|sd1|pll7|clk[0]'
Slack : 4.749
TNS   : 0.000

Type  : Fast 1200mV 0C Model Minimum Pulse Width 'CLOCK_50'
Slack : 9.209
TNS   : 0.000

Type  : Fast 1200mV 0C Model Minimum Pulse Width 'altera_reserved_tck'
Slack : 49.311
TNS   : 0.000

------------------------------------------------------------
